Component: ARM Compiler 5.05 update 2 (build 169) Tool: armlink [4d0f33]

==============================================================================

Section Cross References

    main.o(.text) refers to stm32f4xx_hal_rcc.o(.text) for HAL_RCC_OscConfig
    main.o(.text) refers to segment_display.o(.text) for update_segment_display
    main.o(.text) refers to alphanumeric_pad.o(.text) for get_key
    main.o(.text) refers to rt_cmsis.o(i.osKernelInitialize) for osKernelInitialize
    main.o(.text) refers to stm32f4xx_hal.o(.text) for HAL_Init
    main.o(.text) refers to accelerometer.o(.text) for configure_init_accelerometer
    main.o(.text) refers to temperature_sensor.o(.text) for configure_init_temp_sensor
    main.o(.text) refers to timer.o(.text) for TIM_Init
    main.o(.text) refers to rt_cmsis.o(i.osMutexCreate) for osMutexCreate
    main.o(.text) refers to thread_angle.o(.text) for start_Thread_angle
    main.o(.text) refers to thread_temp.o(.text) for start_Thread_temp
    main.o(.text) refers to thread_check_temp.o(.text) for start_Thread_check_temp
    main.o(.text) refers to rt_cmsis.o(i.osTimerCreate) for osTimerCreate
    main.o(.text) refers to rt_cmsis.o(i.osTimerStart) for osTimerStart
    main.o(.text) refers to rt_cmsis.o(i.osKernelStart) for osKernelStart
    main.o(.text) refers to printfa.o(i.__0printf) for __2printf
    main.o(.text) refers to rt_time.o(.data) for os_time
    main.o(.text) refers to alphanumeric_pad.o(.data) for display_mode
    main.o(.text) refers to segment_display.o(.data) for count_for_alarm
    main.o(.text) refers to temperature_sensor.o(.data) for is_alarm_on
    main.o(.text) refers to main.o(.data) for display
    main.o(.text) refers to main.o(.bss) for x_kstate
    main.o(.text) refers to main.o(.constdata) for os_mutex_def_temp_mutex
    main.o(.constdata) refers to main.o(.bss) for os_mutex_cb_temp_mutex
    main.o(.constdata) refers to main.o(.text) for Timer_Callback1
    supporting_functions.o(.text) refers to printfa.o(i.__0printf) for __2printf
    accelerometer.o(.text) refers to stm32f4xx_hal_cortex.o(.text) for HAL_NVIC_SetPriorityGrouping
    accelerometer.o(.text) refers to lis3dsh.o(.text) for LIS3DSH_Init
    accelerometer.o(.text) refers to stm32f4xx_hal_gpio.o(.text) for HAL_GPIO_Init
    accelerometer.o(.text) refers to f2d.o(.text) for __aeabi_f2d
    accelerometer.o(.text) refers to atan2.o(i.__hardfp_atan2) for __hardfp_atan2
    accelerometer.o(.text) refers to dmul.o(.text) for __aeabi_dmul
    accelerometer.o(.text) refers to ddiv.o(.text) for __aeabi_ddiv
    accelerometer.o(.text) refers to d2f.o(.text) for __aeabi_d2f
    accelerometer.o(.text) refers to main.o(.text) for Kalmanfilter_C
    accelerometer.o(.text) refers to printfa.o(i.__0printf) for __2printf
    accelerometer.o(.text) refers to accelerometer.o(.data) for LIS3DSH_InitStruct
    accelerometer.o(.text) refers to accelerometer.o(.bss) for GPIO_InitStructx
    accelerometer.o(.text) refers to main.o(.bss) for x_kstate
    alphanumeric_pad.o(.text) refers to stm32f4xx_hal_gpio.o(.text) for HAL_GPIO_Init
    alphanumeric_pad.o(.text) refers to alphanumeric_pad.o(.data) for display_mode
    alphanumeric_pad.o(.text) refers to main.o(.data) for TIM3_counter
    alphanumeric_pad.o(.text) refers to main.o(.bss) for GPIO_InitStruct
    segment_display.o(.text) refers to stm32f4xx_hal_gpio.o(.text) for HAL_GPIO_WritePin
    segment_display.o(.text) refers to segment_display.o(.data) for update_flag
    segment_display.o(.text) refers to main.o(.bss) for GPIO_InitStruct
    segment_display.o(.text) refers to temperature_sensor.o(.data) for is_alarm_on
    timer.o(.text) refers to stm32f4xx_hal_tim.o(.text) for HAL_TIM_Base_Init
    timer.o(.text) refers to stm32f4xx_hal_cortex.o(.text) for HAL_NVIC_SetPriorityGrouping
    timer.o(.text) refers to timer.o(.bss) for TIM3_Handle
    stm32f4xx_it.o(.text) refers to stm32f4xx_hal_tim.o(.text) for HAL_TIM_IRQHandler
    stm32f4xx_it.o(.text) refers to stm32f4xx_hal_gpio.o(.text) for HAL_GPIO_EXTI_IRQHandler
    stm32f4xx_it.o(.text) refers to timer.o(.bss) for TIM3_Handle
    temperature_sensor.o(.text) refers to stm32f4xx_hal_adc.o(.text) for HAL_ADC_ConfigChannel
    temperature_sensor.o(.text) refers to supporting_functions.o(.text) for Error_Handler
    temperature_sensor.o(.text) refers to memcpya.o(.text) for __aeabi_memcpy4
    temperature_sensor.o(.text) refers to main.o(.text) for Kalmanfilter_C
    temperature_sensor.o(.text) refers to segment_display.o(.text) for flash_segment_display_alarm
    temperature_sensor.o(.text) refers to temperature_sensor.o(.bss) for ADC_ChannelStruct
    temperature_sensor.o(.text) refers to main.o(.bss) for temp_kstate
    temperature_sensor.o(.text) refers to temperature_sensor.o(.data) for is_alarm_on
    temperature_sensor.o(.text) refers to segment_display.o(.data) for count_for_alarm
    thread_angle.o(.text) refers to rt_cmsis.o(i.osThreadCreate) for osThreadCreate
[...]
    clear_select_pin                         0x08000e09   Thumb Code    14  segment_display.o(.text)
    display_number                           0x08000e17   Thumb Code   180  segment_display.o(.text)
    update_segment_display                   0x08000ecb   Thumb Code   404  segment_display.o(.text)
    segment_display_init                     0x0800105f   Thumb Code    54  segment_display.o(.text)
    flash_segment_display_alarm              0x08001095   Thumb Code    66  segment_display.o(.text)
    TIM_Init                                 0x08001105   Thumb Code    98  timer.o(.text)
    TIM3_IRQHandler                          0x08001175   Thumb Code    10  stm32f4xx_it.o(.text)
    EXTI0_IRQHandler                         0x0800117f   Thumb Code    10  stm32f4xx_it.o(.text)
    set_adc_channel                          0x0800118d   Thumb Code    36  temperature_sensor.o(.text)
    configure_init_temp_sensor               0x080011b1   Thumb Code    80  temperature_sensor.o(.text)
    convert_voltage_to_celcius               0x08001201   Thumb Code    34  temperature_sensor.o(.text)
    get_data_from_sensor                     0x08001223   Thumb Code   102  temperature_sensor.o(.text)
    check_temperature_status                 0x08001289   Thumb Code    46  temperature_sensor.o(.text)
    start_Thread_angle                       0x080012ed   Thumb Code    30  thread_angle.o(.text)
    Thread_angle                             0x0800130b   Thumb Code   202  thread_angle.o(.text)
    HAL_GPIO_EXTI_Callback                   0x080013d5   Thumb Code    42  thread_angle.o(.text)
    start_Thread_check_temp                  0x0800143d   Thumb Code    30  thread_check_temp.o(.text)
    Thread_check_temp                        0x0800145b   Thumb Code    88  thread_check_temp.o(.text)
    start_Thread_temp                        0x080014cd   Thumb Code    30  thread_temp.o(.text)
    Thread_temp                              0x080014eb   Thumb Code   110  thread_temp.o(.text)
    HAL_TIM_PeriodElapsedCallback            0x08001559   Thumb Code    44  thread_temp.o(.text)
    SPI_ReceiveData                          0x080015ad   Thumb Code    10  lis3dsh.o(.text)
    LIS3DSH_TIMEOUT_UserCallback             0x080015b7   Thumb Code     4  lis3dsh.o(.text)
    SPI_SendData                             0x080015bb   Thumb Code     6  lis3dsh.o(.text)
    LIS3DSH_Write                            0x0800162d   Thumb Code    62  lis3dsh.o(.text)
    LIS3DSH_Init                             0x0800166b   Thumb Code   170  lis3dsh.o(.text)
    LIS3DSH_Read                             0x08001715   Thumb Code    70  lis3dsh.o(.text)
    LIS3DSH_DataReadyInterruptConfig         0x0800175b   Thumb Code    42  lis3dsh.o(.text)
    LIS3DSH_LowpowerCmd                      0x08001785   Thumb Code    40  lis3dsh.o(.text)
    LIS3DSH_DataRateCmd                      0x080017ad   Thumb Code    44  lis3dsh.o(.text)
    LIS3DSH_FullScaleCmd                     0x080017d9   Thumb Code    44  lis3dsh.o(.text)
    LIS3DSH_ReadACC                          0x08001805   Thumb Code   628  lis3dsh.o(.text)
    HAL_SPI_MspInit                          0x08001a79   Thumb Code   218  lis3dsh.o(.text)
    os_idle_demon                            0x08001b6d   Thumb Code     4  rtx_conf_cm.o(.text)
    os_error                                 0x08001b71   Thumb Code    34  rtx_conf_cm.o(.text)
    HAL_MspInit                              0x08001b95   Thumb Code    10  stm32f4xx_hal.o(.text)
    HAL_InitTick                             0x08001b9f   Thumb Code    36  stm32f4xx_hal.o(.text)
    HAL_Init                                 0x08001bc3   Thumb Code    54  stm32f4xx_hal.o(.text)
    HAL_MspDeInit                            0x08001bf9   Thumb Code    10  stm32f4xx_hal.o(.text)
    HAL_DeInit                               0x08001c03   Thumb Code    64  stm32f4xx_hal.o(.text)
    HAL_IncTick                              0x08001c43   Thumb Code    12  stm32f4xx_hal.o(.text)
    HAL_Delay                                0x08001c55   Thumb Code    26  stm32f4xx_hal.o(.text)
    HAL_SuspendTick                          0x08001c6f   Thumb Code    18  stm32f4xx_hal.o(.text)
    HAL_ResumeTick                           0x08001c81   Thumb Code    18  stm32f4xx_hal.o(.text)
    HAL_GetHalVersion                        0x08001c93   Thumb Code     4  stm32f4xx_hal.o(.text)
    HAL_GetREVID                             0x08001c97   Thumb Code     8  stm32f4xx_hal.o(.text)
    HAL_GetDEVID                             0x08001c9f   Thumb Code    10  stm32f4xx_hal.o(.text)
    HAL_DBGMCU_EnableDBGSleepMode            0x08001ca9   Thumb Code    14  stm32f4xx_hal.o(.text)
    HAL_DBGMCU_DisableDBGSleepMode           0x08001cb7   Thumb Code    14  stm32f4xx_hal.o(.text)
    HAL_DBGMCU_EnableDBGStopMode             0x08001cc5   Thumb Code    14  stm32f4xx_hal.o(.text)
    HAL_DBGMCU_DisableDBGStopMode            0x08001cd3   Thumb Code    14  stm32f4xx_hal.o(.text)
    HAL_DBGMCU_EnableDBGStandbyMode          0x08001ce1   Thumb Code    14  stm32f4xx_hal.o(.text)
    HAL_DBGMCU_DisableDBGStandbyMode         0x08001cef   Thumb Code    14  stm32f4xx_hal.o(.text)
    HAL_EnableCompensationCell               0x08001cfd   Thumb Code    22  stm32f4xx_hal.o(.text)
    HAL_DisableCompensationCell              0x08001d13   Thumb Code    24  stm32f4xx_hal.o(.text)
    HAL_ADC_MspInit                          0x08001eaf   Thumb Code     2  stm32f4xx_hal_adc.o(.text)
    HAL_ADC_Init                             0x08001eb1   Thumb Code    74  stm32f4xx_hal_adc.o(.text)
    HAL_ADC_MspDeInit                        0x08001efb   Thumb Code     2  stm32f4xx_hal_adc.o(.text)
    HAL_ADC_DeInit                           0x08001efd   Thumb Code    34  stm32f4xx_hal_adc.o(.text)
    HAL_ADC_Start                            0x08001f1f   Thumb Code   182  stm32f4xx_hal_adc.o(.text)
    HAL_ADC_Stop                             0x08001fd5   Thumb Code    24  stm32f4xx_hal_adc.o(.text)
    HAL_ADC_PollForConversion                0x08001fed   Thumb Code   130  stm32f4xx_hal_adc.o(.text)
    HAL_ADC_PollForEvent                     0x0800206f   Thumb Code   104  stm32f4xx_hal_adc.o(.text)
    HAL_ADC_Start_IT                         0x080020d7   Thumb Code   232  stm32f4xx_hal_adc.o(.text)
    HAL_ADC_Stop_IT                          0x080021bf   Thumb Code    48  stm32f4xx_hal_adc.o(.text)
    HAL_ADC_ErrorCallback                    0x080021ef   Thumb Code     2  stm32f4xx_hal_adc.o(.text)
    HAL_ADC_LevelOutOfWindowCallback         0x080021f1   Thumb Code     2  stm32f4xx_hal_adc.o(.text)
    HAL_ADC_ConvCpltCallback                 0x080021f3   Thumb Code     2  stm32f4xx_hal_adc.o(.text)
    HAL_ADC_IRQHandler                       0x080021f5   Thumb Code   348  stm32f4xx_hal_adc.o(.text)
    HAL_ADC_ConvHalfCpltCallback             0x0800236d   Thumb Code     2  stm32f4xx_hal_adc.o(.text)
    HAL_ADC_Start_DMA                        0x080023a1   Thumb Code   186  stm32f4xx_hal_adc.o(.text)
    HAL_ADC_Stop_DMA                         0x0800245b   Thumb Code    56  stm32f4xx_hal_adc.o(.text)
    HAL_ADC_GetValue                         0x08002493   Thumb Code     8  stm32f4xx_hal_adc.o(.text)
    HAL_ADC_ConfigChannel                    0x0800249b   Thumb Code   416  stm32f4xx_hal_adc.o(.text)
    HAL_ADC_AnalogWDGConfig                  0x0800263b   Thumb Code   132  stm32f4xx_hal_adc.o(.text)
    HAL_ADC_GetState                         0x080026bf   Thumb Code     8  stm32f4xx_hal_adc.o(.text)
    HAL_ADC_GetError                         0x080026c7   Thumb Code     6  stm32f4xx_hal_adc.o(.text)
    HAL_ADCEx_InjectedStart                  0x080026e1   Thumb Code   230  stm32f4xx_hal_adc_ex.o(.text)
    HAL_ADCEx_InjectedStart_IT               0x080027c7   Thumb Code   258  stm32f4xx_hal_adc_ex.o(.text)
    HAL_ADCEx_InjectedStop                   0x080028c9   Thumb Code    24  stm32f4xx_hal_adc_ex.o(.text)
    HAL_ADCEx_InjectedPollForConversion      0x080028e1   Thumb Code    90  stm32f4xx_hal_adc_ex.o(.text)
    HAL_ADCEx_InjectedStop_IT                0x0800293b   Thumb Code    48  stm32f4xx_hal_adc_ex.o(.text)
    HAL_ADCEx_InjectedGetValue               0x0800296b   Thumb Code    70  stm32f4xx_hal_adc_ex.o(.text)
    HAL_ADCEx_MultiModeStart_DMA             0x080029ff   Thumb Code   206  stm32f4xx_hal_adc_ex.o(.text)
    HAL_ADCEx_MultiModeStop_DMA              0x08002acd   Thumb Code   116  stm32f4xx_hal_adc_ex.o(.text)
    HAL_ADCEx_MultiModeGetValue              0x08002b41   Thumb Code     8  stm32f4xx_hal_adc_ex.o(.text)
    HAL_ADCEx_InjectedConvCpltCallback       0x08002b49   Thumb Code     2  stm32f4xx_hal_adc_ex.o(.text)
    HAL_ADCEx_InjectedConfigChannel          0x08002b4b   Thumb Code   552  stm32f4xx_hal_adc_ex.o(.text)
    HAL_ADCEx_MultiModeConfigChannel         0x08002d73   Thumb Code   130  stm32f4xx_hal_adc_ex.o(.text)
    HAL_NVIC_SetPriorityGrouping             0x08002e21   Thumb Code    36  stm32f4xx_hal_cortex.o(.text)
    HAL_NVIC_SetPriority                     0x08002e45   Thumb Code   124  stm32f4xx_hal_cortex.o(.text)
    HAL_NVIC_EnableIRQ                       0x08002ec1   Thumb Code    26  stm32f4xx_hal_cortex.o(.text)
    HAL_NVIC_DisableIRQ                      0x08002edb   Thumb Code    22  stm32f4xx_hal_cortex.o(.text)
    HAL_NVIC_SystemReset                     0x08002ef1   Thumb Code    64  stm32f4xx_hal_cortex.o(.text)
    HAL_SYSTICK_Config                       0x08002f31   Thumb Code    52  stm32f4xx_hal_cortex.o(.text)
    HAL_MPU_ConfigRegion                     0x08002f65   Thumb Code    90  stm32f4xx_hal_cortex.o(.text)
    HAL_NVIC_GetPriorityGrouping             0x08002fbf   Thumb Code     8  stm32f4xx_hal_cortex.o(.text)
    HAL_NVIC_GetPriority                     0x08002fc7   Thumb Code   138  stm32f4xx_hal_cortex.o(.text)
    HAL_NVIC_SetPendingIRQ                   0x08003051   Thumb Code    24  stm32f4xx_hal_cortex.o(.text)
    HAL_NVIC_GetPendingIRQ                   0x08003069   Thumb Code    38  stm32f4xx_hal_cortex.o(.text)
    HAL_NVIC_ClearPendingIRQ                 0x0800308f   Thumb Code    22  stm32f4xx_hal_cortex.o(.text)
    HAL_NVIC_GetActive                       0x080030a5   Thumb Code    38  stm32f4xx_hal_cortex.o(.text)
    HAL_SYSTICK_CLKSourceConfig              0x080030cb   Thumb Code    40  stm32f4xx_hal_cortex.o(.text)
    HAL_SYSTICK_Callback                     0x080030f3   Thumb Code    10  stm32f4xx_hal_cortex.o(.text)
    HAL_SYSTICK_IRQHandler                   0x080030fd   Thumb Code     8  stm32f4xx_hal_cortex.o(.text)
    HAL_DMA_Init                             0x08003153   Thumb Code   128  stm32f4xx_hal_dma.o(.text)
    HAL_DMA_DeInit                           0x080031d3   Thumb Code   100  stm32f4xx_hal_dma.o(.text)
    HAL_DMA_Start                            0x08003263   Thumb Code    82  stm32f4xx_hal_dma.o(.text)
    HAL_DMA_Start_IT                         0x080032b5   Thumb Code   106  stm32f4xx_hal_dma.o(.text)
    HAL_DMA_Abort                            0x0800331f   Thumb Code    94  stm32f4xx_hal_dma.o(.text)
    HAL_DMA_PollForTransfer                  0x0800337d   Thumb Code   412  stm32f4xx_hal_dma.o(.text)
    HAL_DMA_IRQHandler                       0x08003519   Thumb Code   530  stm32f4xx_hal_dma.o(.text)
    HAL_DMA_GetState                         0x0800372b   Thumb Code     8  stm32f4xx_hal_dma.o(.text)
    HAL_DMA_GetError                         0x08003733   Thumb Code     6  stm32f4xx_hal_dma.o(.text)
    HAL_GPIO_Init                            0x0800373d   Thumb Code   476  stm32f4xx_hal_gpio.o(.text)
    HAL_GPIO_DeInit                          0x08003919   Thumb Code   326  stm32f4xx_hal_gpio.o(.text)
    HAL_GPIO_ReadPin                         0x08003a5f   Thumb Code    16  stm32f4xx_hal_gpio.o(.text)
    HAL_GPIO_WritePin                        0x08003a6f   Thumb Code    12  stm32f4xx_hal_gpio.o(.text)
    HAL_GPIO_TogglePin                       0x08003a7b   Thumb Code     8  stm32f4xx_hal_gpio.o(.text)
    HAL_GPIO_LockPin                         0x08003a83   Thumb Code    46  stm32f4xx_hal_gpio.o(.text)
    HAL_GPIO_EXTI_IRQHandler                 0x08003abb   Thumb Code    28  stm32f4xx_hal_gpio.o(.text)
    HAL_RCC_OscConfig                        0x08003b0b   Thumb Code  1032  stm32f4xx_hal_rcc.o(.text)
    HAL_RCC_ClockConfig                      0x08003f13   Thumb Code   680  stm32f4xx_hal_rcc.o(.text)
    HAL_RCC_MCOConfig                        0x080041bb   Thumb Code   178  stm32f4xx_hal_rcc.o(.text)
    HAL_RCC_EnableCSS                        0x0800426d   Thumb Code     8  stm32f4xx_hal_rcc.o(.text)
    HAL_RCC_DisableCSS                       0x08004275   Thumb Code     8  stm32f4xx_hal_rcc.o(.text)
    HAL_RCC_GetSysClockFreq                  0x0800427d   Thumb Code   198  stm32f4xx_hal_rcc.o(.text)
    HAL_RCC_GetHCLKFreq                      0x08004343   Thumb Code    42  stm32f4xx_hal_rcc.o(.text)
    HAL_RCC_GetPCLK1Freq                     0x0800436d   Thumb Code    36  stm32f4xx_hal_rcc.o(.text)
    HAL_RCC_GetPCLK2Freq                     0x08004391   Thumb Code    36  stm32f4xx_hal_rcc.o(.text)
    HAL_RCC_GetOscConfig                     0x080043b5   Thumb Code   296  stm32f4xx_hal_rcc.o(.text)
    HAL_RCC_GetClockConfig                   0x080044dd   Thumb Code    58  stm32f4xx_hal_rcc.o(.text)
    HAL_RCC_CSSCallback                      0x08004517   Thumb Code    10  stm32f4xx_hal_rcc.o(.text)
    HAL_RCC_NMI_IRQHandler                   0x08004521   Thumb Code    30  stm32f4xx_hal_rcc.o(.text)
    HAL_SPI_Init                             0x08004557   Thumb Code   136  stm32f4xx_hal_spi.o(.text)
    HAL_SPI_MspDeInit                        0x080045df   Thumb Code     2  stm32f4xx_hal_spi.o(.text)
    HAL_SPI_DeInit                           0x080045e1   Thumb Code    48  stm32f4xx_hal_spi.o(.text)
    HAL_SPI_Transmit                         0x08004725   Thumb Code   450  stm32f4xx_hal_spi.o(.text)
    HAL_SPI_TransmitReceive                  0x080048e7   Thumb Code   850  stm32f4xx_hal_spi.o(.text)
    HAL_SPI_Receive                          0x08004c39   Thumb Code   572  stm32f4xx_hal_spi.o(.text)
    HAL_SPI_ErrorCallback                    0x08004e75   Thumb Code     2  stm32f4xx_hal_spi.o(.text)
    HAL_SPI_TxCpltCallback                   0x08004e77   Thumb Code     2  stm32f4xx_hal_spi.o(.text)
    HAL_SPI_TxRxCpltCallback                 0x08004e79   Thumb Code     2  stm32f4xx_hal_spi.o(.text)
    HAL_SPI_Transmit_IT                      0x08004f69   Thumb Code   198  stm32f4xx_hal_spi.o(.text)
    HAL_SPI_RxCpltCallback                   0x0800502f   Thumb Code     2  stm32f4xx_hal_spi.o(.text)
    HAL_SPI_TransmitReceive_IT               0x08005157   Thumb Code   192  stm32f4xx_hal_spi.o(.text)
    HAL_SPI_Receive_IT                       0x08005269   Thumb Code   222  stm32f4xx_hal_spi.o(.text)
    HAL_SPI_TxHalfCpltCallback               0x080053f7   Thumb Code     2  stm32f4xx_hal_spi.o(.text)
    HAL_SPI_Transmit_DMA                     0x08005407   Thumb Code   218  stm32f4xx_hal_spi.o(.text)
    HAL_SPI_RxHalfCpltCallback               0x08005659   Thumb Code     2  stm32f4xx_hal_spi.o(.text)
    HAL_SPI_TxRxHalfCpltCallback             0x080056a1   Thumb Code     2  stm32f4xx_hal_spi.o(.text)
    HAL_SPI_TransmitReceive_DMA              0x080056b1   Thumb Code   324  stm32f4xx_hal_spi.o(.text)
    HAL_SPI_Receive_DMA                      0x080057f5   Thumb Code   288  stm32f4xx_hal_spi.o(.text)
    HAL_SPI_DMAPause                         0x08005915   Thumb Code    62  stm32f4xx_hal_spi.o(.text)
    HAL_SPI_DMAResume                        0x08005953   Thumb Code    62  stm32f4xx_hal_spi.o(.text)
    HAL_SPI_DMAStop                          0x08005991   Thumb Code    58  stm32f4xx_hal_spi.o(.text)
    HAL_SPI_IRQHandler                       0x080059cb   Thumb Code   262  stm32f4xx_hal_spi.o(.text)
    HAL_SPI_GetState                         0x08005ad1   Thumb Code     8  stm32f4xx_hal_spi.o(.text)
    HAL_SPI_GetError                         0x08005ad9   Thumb Code     6  stm32f4xx_hal_spi.o(.text)
    TIM_Base_SetConfig                       0x08005aed   Thumb Code   184  stm32f4xx_hal_tim.o(.text)
    HAL_TIM_Base_MspInit                     0x08005ba5   Thumb Code     2  stm32f4xx_hal_tim.o(.text)
    HAL_TIM_Base_Init                        0x08005ba7   Thumb Code    52  stm32f4xx_hal_tim.o(.text)
    HAL_TIM_Base_MspDeInit                   0x08005bdb   Thumb Code     2  stm32f4xx_hal_tim.o(.text)
    HAL_TIM_Base_DeInit                      0x08005bdd   Thumb Code    70  stm32f4xx_hal_tim.o(.text)
    HAL_TIM_Base_Start                       0x08005c23   Thumb Code    30  stm32f4xx_hal_tim.o(.text)
    HAL_TIM_Base_Stop                        0x08005c41   Thumb Code    56  stm32f4xx_hal_tim.o(.text)
    HAL_TIM_Base_Start_IT                    0x08005c79   Thumb Code    30  stm32f4xx_hal_tim.o(.text)
    HAL_TIM_Base_Stop_IT                     0x08005c97   Thumb Code    56  stm32f4xx_hal_tim.o(.text)
    HAL_TIM_ErrorCallback                    0x08005ccf   Thumb Code     2  stm32f4xx_hal_tim.o(.text)
    TIM_DMAError                             0x08005cd1   Thumb Code    20  stm32f4xx_hal_tim.o(.text)
    HAL_TIM_Base_Start_DMA                   0x08005cfb   Thumb Code    98  stm32f4xx_hal_tim.o(.text)
    HAL_TIM_Base_Stop_DMA                    0x08005d5d   Thumb Code    62  stm32f4xx_hal_tim.o(.text)
    HAL_TIM_OC_MspInit                       0x08005d9b   Thumb Code     2  stm32f4xx_hal_tim.o(.text)
    HAL_TIM_OC_Init                          0x08005d9d   Thumb Code    52  stm32f4xx_hal_tim.o(.text)
    HAL_TIM_OC_MspDeInit                     0x08005dd1   Thumb Code     2  stm32f4xx_hal_tim.o(.text)
    HAL_TIM_OC_DeInit                        0x08005dd3   Thumb Code    70  stm32f4xx_hal_tim.o(.text)
    TIM_CCxChannelCmd                        0x08005e19   Thumb Code    28  stm32f4xx_hal_tim.o(.text)
    HAL_TIM_OC_Start                         0x08005e35   Thumb Code    68  stm32f4xx_hal_tim.o(.text)
    HAL_TIM_OC_Stop                          0x08005e79   Thumb Code   170  stm32f4xx_hal_tim.o(.text)
    HAL_TIM_OC_Start_IT                      0x08005f23   Thumb Code   144  stm32f4xx_hal_tim.o(.text)
    HAL_TIM_OC_Stop_IT                       0x08005fb3   Thumb Code   196  stm32f4xx_hal_tim.o(.text)
    HAL_TIM_PWM_PulseFinishedCallback        0x08006077   Thumb Code     2  stm32f4xx_hal_tim.o(.text)
    TIM_DMADelayPulseCplt                    0x08006079   Thumb Code    70  stm32f4xx_hal_tim.o(.text)
    HAL_TIM_OC_Start_DMA                     0x080060bf   Thumb Code   312  stm32f4xx_hal_tim.o(.text)
    HAL_TIM_OC_Stop_DMA                      0x080061f7   Thumb Code   202  stm32f4xx_hal_tim.o(.text)
    HAL_TIM_PWM_MspInit                      0x080062c1   Thumb Code     2  stm32f4xx_hal_tim.o(.text)
    HAL_TIM_PWM_Init                         0x080062c3   Thumb Code    52  stm32f4xx_hal_tim.o(.text)
    HAL_TIM_PWM_MspDeInit                    0x080062f7   Thumb Code     2  stm32f4xx_hal_tim.o(.text)
    HAL_TIM_PWM_DeInit                       0x080062f9   Thumb Code    70  stm32f4xx_hal_tim.o(.text)
    HAL_TIM_PWM_Start                        0x0800633f   Thumb Code    78  stm32f4xx_hal_tim.o(.text)
    HAL_TIM_PWM_Stop                         0x0800638d   Thumb Code   126  stm32f4xx_hal_tim.o(.text)
    HAL_TIM_PWM_Start_IT                     0x0800640b   Thumb Code   144  stm32f4xx_hal_tim.o(.text)
    HAL_TIM_PWM_Stop_IT                      0x0800649b   Thumb Code   196  stm32f4xx_hal_tim.o(.text)
    HAL_TIM_PWM_Start_DMA                    0x0800655f   Thumb Code   312  stm32f4xx_hal_tim.o(.text)
    HAL_TIM_PWM_Stop_DMA                     0x08006697   Thumb Code   202  stm32f4xx_hal_tim.o(.text)
    HAL_TIM_IC_MspInit                       0x08006761   Thumb Code     2  stm32f4xx_hal_tim.o(.text)
    HAL_TIM_IC_Init                          0x08006763   Thumb Code    62  stm32f4xx_hal_tim.o(.text)
    HAL_TIM_IC_MspDeInit                     0x080067a1   Thumb Code     2  stm32f4xx_hal_tim.o(.text)
    HAL_TIM_IC_DeInit                        0x080067a3   Thumb Code    70  stm32f4xx_hal_tim.o(.text)
    HAL_TIM_IC_Start                         0x080067e9   Thumb Code    32  stm32f4xx_hal_tim.o(.text)
    HAL_TIM_IC_Stop                          0x08006809   Thumb Code    58  stm32f4xx_hal_tim.o(.text)
    HAL_TIM_IC_Start_IT                      0x08006843   Thumb Code   108  stm32f4xx_hal_tim.o(.text)
    HAL_TIM_IC_Stop_IT                       0x080068af   Thumb Code   134  stm32f4xx_hal_tim.o(.text)
    HAL_TIM_IC_CaptureCallback               0x08006935   Thumb Code     2  stm32f4xx_hal_tim.o(.text)
    TIM_DMACaptureCplt                       0x08006937   Thumb Code    70  stm32f4xx_hal_tim.o(.text)
    HAL_TIM_IC_Start_DMA                     0x0800697d   Thumb Code   276  stm32f4xx_hal_tim.o(.text)
    HAL_TIM_IC_Stop_DMA                      0x08006a91   Thumb Code   140  stm32f4xx_hal_tim.o(.text)
    HAL_TIM_OnePulse_MspInit                 0x08006b1d   Thumb Code     2  stm32f4xx_hal_tim.o(.text)
    HAL_TIM_OnePulse_Init                    0x08006b1f   Thumb Code    76  stm32f4xx_hal_tim.o(.text)
    HAL_TIM_OnePulse_MspDeInit               0x08006b6b   Thumb Code     2  stm32f4xx_hal_tim.o(.text)
    HAL_TIM_OnePulse_DeInit                  0x08006b6d   Thumb Code    70  stm32f4xx_hal_tim.o(.text)
    HAL_TIM_OnePulse_Start                   0x08006bb3   Thumb Code    66  stm32f4xx_hal_tim.o(.text)
    HAL_TIM_OnePulse_Stop                    0x08006bf5   Thumb Code   130  stm32f4xx_hal_tim.o(.text)
    HAL_TIM_OnePulse_Start_IT                0x08006c77   Thumb Code    90  stm32f4xx_hal_tim.o(.text)
    HAL_TIM_OnePulse_Stop_IT                 0x08006cd1   Thumb Code   154  stm32f4xx_hal_tim.o(.text)
    HAL_TIM_Encoder_MspInit                  0x08006d6b   Thumb Code     2  stm32f4xx_hal_tim.o(.text)
    HAL_TIM_Encoder_Init                     0x08006d6d   Thumb Code   180  stm32f4xx_hal_tim.o(.text)
    HAL_TIM_Encoder_MspDeInit                0x08006e21   Thumb Code     2  stm32f4xx_hal_tim.o(.text)
    HAL_TIM_Encoder_DeInit                   0x08006e23   Thumb Code    70  stm32f4xx_hal_tim.o(.text)
    HAL_TIM_Encoder_Start                    0x08006e69   Thumb Code    78  stm32f4xx_hal_tim.o(.text)
    HAL_TIM_Encoder_Stop                     0x08006eb7   Thumb Code   104  stm32f4xx_hal_tim.o(.text)
    HAL_TIM_Encoder_Start_IT                 0x08006f1f   Thumb Code   126  stm32f4xx_hal_tim.o(.text)
    HAL_TIM_Encoder_Stop_IT                  0x08006f9d   Thumb Code   160  stm32f4xx_hal_tim.o(.text)
    HAL_TIM_Encoder_Start_DMA                0x0800703d   Thumb Code   328  stm32f4xx_hal_tim.o(.text)
    HAL_TIM_Encoder_Stop_DMA                 0x08007185   Thumb Code   152  stm32f4xx_hal_tim.o(.text)
    HAL_TIM_TriggerCallback                  0x0800721d   Thumb Code     2  stm32f4xx_hal_tim.o(.text)
    HAL_TIM_OC_DelayElapsedCallback          0x0800721f   Thumb Code     2  stm32f4xx_hal_tim.o(.text)
    HAL_TIM_IRQHandler                       0x08007221   Thumb Code   406  stm32f4xx_hal_tim.o(.text)
    TIM_OC2_SetConfig                        0x08007489   Thumb Code   112  stm32f4xx_hal_tim.o(.text)
    HAL_TIM_OC_ConfigChannel                 0x0800755f   Thumb Code   116  stm32f4xx_hal_tim.o(.text)
    TIM_TI1_SetConfig                        0x0800768d   Thumb Code   122  stm32f4xx_hal_tim.o(.text)
    HAL_TIM_IC_ConfigChannel                 0x08007707   Thumb Code   224  stm32f4xx_hal_tim.o(.text)
    HAL_TIM_PWM_ConfigChannel                0x080077e7   Thumb Code   294  stm32f4xx_hal_tim.o(.text)
    HAL_TIM_OnePulse_ConfigChannel           0x0800790d   Thumb Code   286  stm32f4xx_hal_tim.o(.text)
    HAL_TIM_DMABurst_WriteStart              0x08007a3f   Thumb Code   366  stm32f4xx_hal_tim.o(.text)
    HAL_TIM_DMABurst_WriteStop               0x08007bad   Thumb Code   128  stm32f4xx_hal_tim.o(.text)
    HAL_TIM_DMABurst_ReadStart               0x08007c2d   Thumb Code   366  stm32f4xx_hal_tim.o(.text)
    HAL_TIM_DMABurst_ReadStop                0x08007d9b   Thumb Code   128  stm32f4xx_hal_tim.o(.text)
    HAL_TIM_GenerateEvent                    0x08007e1b   Thumb Code    54  stm32f4xx_hal_tim.o(.text)
    HAL_TIM_ConfigOCrefClear                 0x08007e69   Thumb Code   252  stm32f4xx_hal_tim.o(.text)
    HAL_TIM_ConfigClockSource                0x08007fcf   Thumb Code   306  stm32f4xx_hal_tim.o(.text)
    HAL_TIM_ConfigTI1Input                   0x08008101   Thumb Code    24  stm32f4xx_hal_tim.o(.text)
    HAL_TIM_SlaveConfigSynchronization       0x080081bd   Thumb Code    86  stm32f4xx_hal_tim.o(.text)
    HAL_TIM_SlaveConfigSynchronization_IT    0x08008213   Thumb Code    86  stm32f4xx_hal_tim.o(.text)
    HAL_TIM_ReadCapturedValue                0x08008269   Thumb Code    84  stm32f4xx_hal_tim.o(.text)
    HAL_TIM_Base_GetState                    0x080082bd   Thumb Code     8  stm32f4xx_hal_tim.o(.text)
    HAL_TIM_OC_GetState                      0x080082c5   Thumb Code     8  stm32f4xx_hal_tim.o(.text)
    HAL_TIM_PWM_GetState                     0x080082cd   Thumb Code     8  stm32f4xx_hal_tim.o(.text)
    HAL_TIM_IC_GetState                      0x080082d5   Thumb Code     8  stm32f4xx_hal_tim.o(.text)
    HAL_TIM_OnePulse_GetState                0x080082dd   Thumb Code     8  stm32f4xx_hal_tim.o(.text)
    HAL_TIM_Encoder_GetState                 0x080082e5   Thumb Code     8  stm32f4xx_hal_tim.o(.text)
    HAL_TIMEx_HallSensor_MspInit             0x080082ed   Thumb Code     2  stm32f4xx_hal_tim_ex.o(.text)
    HAL_TIMEx_HallSensor_Init                0x080082ef   Thumb Code   196  stm32f4xx_hal_tim_ex.o(.text)
    HAL_TIMEx_HallSensor_MspDeInit           0x080083b3   Thumb Code     2  stm32f4xx_hal_tim_ex.o(.text)
    HAL_TIMEx_HallSensor_DeInit              0x080083b5   Thumb Code    70  stm32f4xx_hal_tim_ex.o(.text)
    HAL_TIMEx_HallSensor_Start               0x080083fb   Thumb Code    30  stm32f4xx_hal_tim_ex.o(.text)
    HAL_TIMEx_HallSensor_Stop                0x08008419   Thumb Code    56  stm32f4xx_hal_tim_ex.o(.text)
    HAL_TIMEx_HallSensor_Start_IT            0x08008451   Thumb Code    42  stm32f4xx_hal_tim_ex.o(.text)
    HAL_TIMEx_HallSensor_Stop_IT             0x0800847b   Thumb Code    68  stm32f4xx_hal_tim_ex.o(.text)
    HAL_TIMEx_HallSensor_Start_DMA           0x080084bf   Thumb Code   106  stm32f4xx_hal_tim_ex.o(.text)
    HAL_TIMEx_HallSensor_Stop_DMA            0x08008529   Thumb Code    68  stm32f4xx_hal_tim_ex.o(.text)
    HAL_TIMEx_OCN_Start                      0x08008589   Thumb Code    44  stm32f4xx_hal_tim_ex.o(.text)
    HAL_TIMEx_OCN_Stop                       0x080085b5   Thumb Code    96  stm32f4xx_hal_tim_ex.o(.text)
    HAL_TIMEx_OCN_Start_IT                   0x08008615   Thumb Code   132  stm32f4xx_hal_tim_ex.o(.text)
    HAL_TIMEx_OCN_Stop_IT                    0x08008699   Thumb Code   196  stm32f4xx_hal_tim_ex.o(.text)
    HAL_TIMEx_OCN_Start_DMA                  0x0800875d   Thumb Code   272  stm32f4xx_hal_tim_ex.o(.text)
    HAL_TIMEx_OCN_Stop_DMA                   0x0800886d   Thumb Code   192  stm32f4xx_hal_tim_ex.o(.text)
    HAL_TIMEx_PWMN_Start                     0x0800892d   Thumb Code    44  stm32f4xx_hal_tim_ex.o(.text)
    HAL_TIMEx_PWMN_Stop                      0x08008959   Thumb Code    96  stm32f4xx_hal_tim_ex.o(.text)
    HAL_TIMEx_PWMN_Start_IT                  0x080089b9   Thumb Code   132  stm32f4xx_hal_tim_ex.o(.text)
    HAL_TIMEx_PWMN_Stop_IT                   0x08008a3d   Thumb Code   196  stm32f4xx_hal_tim_ex.o(.text)
    HAL_TIMEx_PWMN_Start_DMA                 0x08008b01   Thumb Code   272  stm32f4xx_hal_tim_ex.o(.text)
    HAL_TIMEx_PWMN_Stop_DMA                  0x08008c11   Thumb Code   178  stm32f4xx_hal_tim_ex.o(.text)
    HAL_TIMEx_OnePulseN_Start                0x08008cc3   Thumb Code    32  stm32f4xx_hal_tim_ex.o(.text)
    HAL_TIMEx_OnePulseN_Stop                 0x08008ce3   Thumb Code    96  stm32f4xx_hal_tim_ex.o(.text)
    HAL_TIMEx_OnePulseN_Start_IT             0x08008d43   Thumb Code    56  stm32f4xx_hal_tim_ex.o(.text)
    HAL_TIMEx_OnePulseN_Stop_IT              0x08008d7b   Thumb Code   120  stm32f4xx_hal_tim_ex.o(.text)
    HAL_TIMEx_ConfigCommutationEvent         0x08008df3   Thumb Code   110  stm32f4xx_hal_tim_ex.o(.text)
    HAL_TIMEx_ConfigCommutationEvent_IT      0x08008e61   Thumb Code   122  stm32f4xx_hal_tim_ex.o(.text)
    HAL_TIMEx_CommutationCallback            0x08008edb   Thumb Code     2  stm32f4xx_hal_tim_ex.o(.text)
    TIMEx_DMACommutationCplt                 0x08008edd   Thumb Code    20  stm32f4xx_hal_tim_ex.o(.text)
    HAL_TIMEx_ConfigCommutationEvent_DMA     0x08008ef1   Thumb Code   146  stm32f4xx_hal_tim_ex.o(.text)
    HAL_TIMEx_MasterConfigSynchronization    0x08008f83   Thumb Code    98  stm32f4xx_hal_tim_ex.o(.text)
    HAL_TIMEx_ConfigBreakDeadTime            0x08008fe5   Thumb Code    80  stm32f4xx_hal_tim_ex.o(.text)
    HAL_TIMEx_RemapConfig                    0x08009035   Thumb Code    48  stm32f4xx_hal_tim_ex.o(.text)
    HAL_TIMEx_BreakCallback                  0x08009065   Thumb Code     2  stm32f4xx_hal_tim_ex.o(.text)
    HAL_TIMEx_HallSensor_GetState            0x08009067   Thumb Code     8  stm32f4xx_hal_tim_ex.o(.text)
    Reset_Handler                            0x08009075   Thumb Code     8  startup_stm32f407xx.o(.text)
    NMI_Handler                              0x0800907d   Thumb Code     2  startup_stm32f407xx.o(.text)
    HardFault_Handler                        0x0800907f   Thumb Code     2  startup_stm32f407xx.o(.text)
    MemManage_Handler                        0x08009081   Thumb Code     2  startup_stm32f407xx.o(.text)
    BusFault_Handler                         0x08009083   Thumb Code     2  startup_stm32f407xx.o(.text)
    UsageFault_Handler                       0x08009085   Thumb Code     2  startup_stm32f407xx.o(.text)
    DebugMon_Handler                         0x08009089   Thumb Code     2  startup_stm32f407xx.o(.text)
    ADC_IRQHandler                           0x0800908f   Thumb Code     0  startup_stm32f407xx.o(.text)
    CAN1_RX0_IRQHandler                      0x0800908f   Thumb Code     0  startup_stm32f407xx.o(.text)
    CAN1_RX1_IRQHandler                      0x0800908f   Thumb Code     0  startup_stm32f407xx.o(.text)
    CAN1_SCE_IRQHandler                      0x0800908f   Thumb Code     0  startup_stm32f407xx.o(.text)
    CAN1_TX_IRQHandler                       0x0800908f   Thumb Code     0  startup_stm32f407xx.o(.text)
    CAN2_RX0_IRQHandler                      0x0800908f   Thumb Code     0  startup_stm32f407xx.o(.text)
    CAN2_RX1_IRQHandler                      0x0800908f   Thumb Code     0  startup_stm32f407xx.o(.text)
    CAN2_SCE_IRQHandler                      0x0800908f   Thumb Code     0  startup_stm32f407xx.o(.text)
    CAN2_TX_IRQHandler                       0x0800908f   Thumb Code     0  startup_stm32f407xx.o(.text)
    DCMI_IRQHandler                          0x0800908f   Thumb Code     0  startup_stm32f407xx.o(.text)
    DMA1_Stream0_IRQHandler                  0x0800908f   Thumb Code     0  startup_stm32f407xx.o(.text)
    DMA1_Stream1_IRQHandler                  0x0800908f   Thumb Code     0  startup_stm32f407xx.o(.text)
    DMA1_Stream2_IRQHandler                  0x0800908f   Thumb Code     0  startup_stm32f407xx.o(.text)
    DMA1_Stream3_IRQHandler                  0x0800908f   Thumb Code     0  startup_stm32f407xx.o(.text)
    DMA1_Stream4_IRQHandler                  0x0800908f   Thumb Code     0  startup_stm32f407xx.o(.text)
    DMA1_Stream5_IRQHandler                  0x0800908f   Thumb Code     0  startup_stm32f407xx.o(.text)
    DMA1_Stream6_IRQHandler                  0x0800908f   Thumb Code     0  startup_stm32f407xx.o(.text)
    DMA1_Stream7_IRQHandler                  0x0800908f   Thumb Code     0  startup_stm32f407xx.o(.text)
    DMA2_Stream0_IRQHandler                  0x0800908f   Thumb Code     0  startup_stm32f407xx.o(.text)
    DMA2_Stream1_IRQHandler                  0x0800908f   Thumb Code     0  startup_stm32f407xx.o(.text)
    DMA2_Stream2_IRQHandler                  0x0800908f   Thumb Code     0  startup_stm32f407xx.o(.text)
    DMA2_Stream3_IRQHandler                  0x0800908f   Thumb Code     0  startup_stm32f407xx.o(.text)
    DMA2_Stream4_IRQHandler                  0x0800908f   Thumb Code     0  startup_stm32f407xx.o(.text)
    DMA2_Stream5_IRQHandler                  0x0800908f   Thumb Code     0  startup_stm32f407xx.o(.text)
    DMA2_Stream6_IRQHandler                  0x0800908f   Thumb Code     0  startup_stm32f407xx.o(.text)
    DMA2_Stream7_IRQHandler                  0x0800908f   Thumb Code     0  startup_stm32f407xx.o(.text)
    ETH_IRQHandler                           0x0800908f   Thumb Code     0  startup_stm32f407xx.o(.text)
    ETH_WKUP_IRQHandler                      0x0800908f   Thumb Code     0  startup_stm32f407xx.o(.text)
    EXTI15_10_IRQHandler                     0x0800908f   Thumb Code     0  startup_stm32f407xx.o(.text)
    EXTI1_IRQHandler                         0x0800908f   Thumb Code     0  startup_stm32f407xx.o(.text)
    EXTI2_IRQHandler                         0x0800908f   Thumb Code     0  startup_stm32f407xx.o(.text)
    EXTI3_IRQHandler                         0x0800908f   Thumb Code     0  startup_stm32f407xx.o(.text)
    EXTI4_IRQHandler                         0x0800908f   Thumb Code     0  startup_stm32f407xx.o(.text)
    EXTI9_5_IRQHandler                       0x0800908f   Thumb Code     0  startup_stm32f407xx.o(.text)
    FLASH_IRQHandler                         0x0800908f   Thumb Code     0  startup_stm32f407xx.o(.text)
    FMC_IRQHandler                           0x0800908f   Thumb Code     0  startup_stm32f407xx.o(.text)
    FPU_IRQHandler                           0x0800908f   Thumb Code     0  startup_stm32f407xx.o(.text)
    HASH_RNG_IRQHandler                      0x0800908f   Thumb Code     0  startup_stm32f407xx.o(.text)
    I2C1_ER_IRQHandler                       0x0800908f   Thumb Code     0  startup_stm32f407xx.o(.text)
    I2C1_EV_IRQHandler                       0x0800908f   Thumb Code     0  startup_stm32f407xx.o(.text)
    I2C2_ER_IRQHandler                       0x0800908f   Thumb Code     0  startup_stm32f407xx.o(.text)
    I2C2_EV_IRQHandler                       0x0800908f   Thumb Code     0  startup_stm32f407xx.o(.text)
    I2C3_ER_IRQHandler                       0x0800908f   Thumb Code     0  startup_stm32f407xx.o(.text)
    I2C3_EV_IRQHandler                       0x0800908f   Thumb Code     0  startup_stm32f407xx.o(.text)
    OTG_FS_IRQHandler                        0x0800908f   Thumb Code     0  startup_stm32f407xx.o(.text)
    OTG_FS_WKUP_IRQHandler                   0x0800908f   Thumb Code     0  startup_stm32f407xx.o(.text)
    OTG_HS_EP1_IN_IRQHandler                 0x0800908f   Thumb Code     0  startup_stm32f407xx.o(.text)
    OTG_HS_EP1_OUT_IRQHandler                0x0800908f   Thumb Code     0  startup_stm32f407xx.o(.text)
    OTG_HS_IRQHandler                        0x0800908f   Thumb Code     0  startup_stm32f407xx.o(.text)
    OTG_HS_WKUP_IRQHandler                   0x0800908f   Thumb Code     0  startup_stm32f407xx.o(.text)
    PVD_IRQHandler                           0x0800908f   Thumb Code     0  startup_stm32f407xx.o(.text)
    RCC_IRQHandler                           0x0800908f   Thumb Code     0  startup_stm32f407xx.o(.text)
    RTC_Alarm_IRQHandler                     0x0800908f   Thumb Code     0  startup_stm32f407xx.o(.text)
    RTC_WKUP_IRQHandler                      0x0800908f   Thumb Code     0  startup_stm32f407xx.o(.text)
    SDIO_IRQHandler                          0x0800908f   Thumb Code     0  startup_stm32f407xx.o(.text)
    SPI1_IRQHandler                          0x0800908f   Thumb Code     0  startup_stm32f407xx.o(.text)
    SPI2_IRQHandler                          0x0800908f   Thumb Code     0  startup_stm32f407xx.o(.text)
    SPI3_IRQHandler                          0x0800908f   Thumb Code     0  startup_stm32f407xx.o(.text)
    TAMP_STAMP_IRQHandler                    0x0800908f   Thumb Code     0  startup_stm32f407xx.o(.text)
    TIM1_BRK_TIM9_IRQHandler                 0x0800908f   Thumb Code     0  startup_stm32f407xx.o(.text)
    TIM1_CC_IRQHandler                       0x0800908f   Thumb Code     0  startup_stm32f407xx.o(.text)
    TIM1_TRG_COM_TIM11_IRQHandler            0x0800908f   Thumb Code     0  startup_stm32f407xx.o(.text)
    TIM1_UP_TIM10_IRQHandler                 0x0800908f   Thumb Code     0  startup_stm32f407xx.o(.text)
    TIM2_IRQHandler                          0x0800908f   Thumb Code     0  startup_stm32f407xx.o(.text)
    TIM4_IRQHandler                          0x0800908f   Thumb Code     0  startup_stm32f407xx.o(.text)
    TIM5_IRQHandler                          0x0800908f   Thumb Code     0  startup_stm32f407xx.o(.text)
    TIM6_DAC_IRQHandler                      0x0800908f   Thumb Code     0  startup_stm32f407xx.o(.text)
    TIM7_IRQHandler                          0x0800908f   Thumb Code     0  startup_stm32f407xx.o(.text)
    TIM8_BRK_TIM12_IRQHandler                0x0800908f   Thumb Code     0  startup_stm32f407xx.o(.text)
    TIM8_CC_IRQHandler                       0x0800908f   Thumb Code     0  startup_stm32f407xx.o(.text)
    TIM8_TRG_COM_TIM14_IRQHandler            0x0800908f   Thumb Code     0  startup_stm32f407xx.o(.text)
    TIM8_UP_TIM13_IRQHandler                 0x0800908f   Thumb Code     0  startup_stm32f407xx.o(.text)
    UART4_IRQHandler                         0x0800908f   Thumb Code     0  startup_stm32f407xx.o(.text)
    UART5_IRQHandler                         0x0800908f   Thumb Code     0  startup_stm32f407xx.o(.text)
    USART1_IRQHandler                        0x0800908f   Thumb Code     0  startup_stm32f407xx.o(.text)
    USART2_IRQHandler                        0x0800908f   Thumb Code     0  startup_stm32f407xx.o(.text)
    USART3_IRQHandler                        0x0800908f   Thumb Code     0  startup_stm32f407xx.o(.text)
    USART6_IRQHandler                        0x0800908f   Thumb Code     0  startup_stm32f407xx.o(.text)
    WWDG_IRQHandler                          0x0800908f   Thumb Code     0  startup_stm32f407xx.o(.text)
    SystemInit                               0x08009099   Thumb Code    82  system_stm32f4xx.o(.text)
    SystemCoreClockUpdate                    0x080090eb   Thumb Code   174  system_stm32f4xx.o(.text)
    __aeabi_uldivmod                         0x080091b9   Thumb Code    98  uldiv.o(.text)
    __aeabi_memcpy                           0x0800921b   Thumb Code    36  memcpya.o(.text)
    __aeabi_memcpy4                          0x0800921b   Thumb Code     0  memcpya.o(.text)
    __aeabi_memcpy8                          0x0800921b   Thumb Code     0  memcpya.o(.text)
    __aeabi_dmul                             0x0800923f   Thumb Code   228  dmul.o(.text)
    __aeabi_ddiv                             0x08009323   Thumb Code   222  ddiv.o(.text)
    __aeabi_f2d                              0x08009401   Thumb Code    38  f2d.o(.text)
    __aeabi_d2f                              0x08009427   Thumb Code    56  d2f.o(.text)
    __aeabi_uidiv                            0x0800945f   Thumb Code     0  uidiv.o(.text)
    __aeabi_uidivmod                         0x0800945f   Thumb Code    44  uidiv.o(.text)
    __aeabi_llsl                             0x0800948b   Thumb Code    30  llshl.o(.text)
    _ll_shift_l                              0x0800948b   Thumb Code     0  llshl.o(.text)
    __aeabi_llsr                             0x080094a9   Thumb Code    32  llushr.o(.text)
    _ll_ushift_r                             0x080094a9   Thumb Code     0  llushr.o(.text)
    __I$use$fp                               0x080094c9   Thumb Code     0  iusefp.o(.text)
    _float_round                             0x080094c9   Thumb Code    18  fepilogue.o(.text)
    _float_epilogue                          0x080094db   Thumb Code    92  fepilogue.o(.text)
    _double_round                            0x08009537   Thumb Code    30  depilogue.o(.text)
    _double_epilogue                         0x08009555   Thumb Code   156  depilogue.o(.text)
    __aeabi_dadd                             0x080095f1   Thumb Code   322  dadd.o(.text)
    __aeabi_dsub                             0x08009733   Thumb Code     6  dadd.o(.text)
    __aeabi_drsub                            0x08009739   Thumb Code     6  dadd.o(.text)
    __aeabi_d2ulz                            0x0800973f   Thumb Code    48  dfixul.o(.text)
    __aeabi_cdrcmple                         0x08009771   Thumb Code    48  cdrcmple.o(.text)
    __scatterload                            0x080097a1   Thumb Code    28  init.o(.text)
    __scatterload_rt2                        0x080097a1   Thumb Code     0  init.o(.text)
    __aeabi_lasr                             0x080097c5   Thumb Code    36  llsshr.o(.text)
    __semihosting_library_function           0x080097c5   Thumb Code     0  semi.o(.text)
    _ll_sshift_r                             0x080097c5   Thumb Code     0  llsshr.o(.text)
    __I$use$semihosting$fputc                0x080097e9   Thumb Code     0  iusesemip.o(.text)
    __decompress                             0x080097e9   Thumb Code     0  __dczerorl2.o(.text)
    __decompress1                            0x080097e9   Thumb Code    86  __dczerorl2.o(.text)
    SVC_Count                                0x08009840   Data           4  svc_table.o(SVC_TABLE)
    SVC_Table                                0x08009844   Data           0  svc_table.o(SVC_TABLE)
    __0printf                                0x08009845   Thumb Code    22  printfa.o(i.__0printf)
    __1printf                                0x08009845   Thumb Code     0  printfa.o(i.__0printf)
    __2printf                                0x08009845   Thumb Code     0  printfa.o(i.__0printf)
    __c89printf                              0x08009845   Thumb Code     0  printfa.o(i.__0printf)
    printf                                   0x08009845   Thumb Code     0  printfa.o(i.__0printf)
    __ARM_fpclassify                         0x08009865   Thumb Code    48  fpclassify.o(i.__ARM_fpclassify)
    __hardfp_atan                            0x08009899   Thumb Code   622  atan.o(i.__hardfp_atan)
    __hardfp_atan2                           0x08009b71   Thumb Code   432  atan2.o(i.__hardfp_atan2)
    __kernel_poly                            0x08009d61   Thumb Code   248  poly.o(i.__kernel_poly)
    __mathlib_dbl_infnan                     0x08009e59   Thumb Code    20  dunder.o(i.__mathlib_dbl_infnan)
    __mathlib_dbl_infnan2                    0x08009e6d   Thumb Code    20  dunder.o(i.__mathlib_dbl_infnan2)
    __mathlib_dbl_underflow                  0x08009e81   Thumb Code    24  dunder.o(i.__mathlib_dbl_underflow)
    __scatterload_copy                       0x08009ea1   Thumb Code    14  handlers.o(i.__scatterload_copy)
    __scatterload_null                       0x08009eaf   Thumb Code     2  handlers.o(i.__scatterload_null)
    __scatterload_zeroinit                   0x08009eb1   Thumb Code    14  handlers.o(i.__scatterload_zeroinit)
    _init_box                                0x0800a025   Thumb Code    70  rt_membox.o(i._init_box)
    atan                                     0x0800a79b   Thumb Code    16  atan.o(i.atan)
    dbg_init                                 0x0800a7ad   Thumb Code    34  hal_cm.o(i.dbg_init)
    dbg_task_notify                          0x0800a7dd   Thumb Code    32  hal_cm.o(i.dbg_task_notify)
    dbg_task_switch                          0x0800a7fd   Thumb Code    16  hal_cm.o(i.dbg_task_switch)
    fabs                                     0x0800a80d   Thumb Code    24  fabs.o(i.fabs)
    fputc                                    0x0800a825   Thumb Code    18  fputc.o(i.fputc)
    isrMessageGet                            0x0800a837   Thumb Code    42  rt_cmsis.o(i.isrMessageGet)
    isrMessagePut                            0x0800a861   Thumb Code    44  rt_cmsis.o(i.isrMessagePut)
    isrSignalSet                             0x0800a88d   Thumb Code    36  rt_cmsis.o(i.isrSignalSet)
    isr_evt_set                              0x0800a8b1   Thumb Code    34  rt_event.o(i.isr_evt_set)
    isr_mbx_receive                          0x0800a8d9   Thumb Code    82  rt_mailbox.o(i.isr_mbx_receive)
    isr_mbx_send                             0x0800a92b   Thumb Code    14  rt_mailbox.o(i.isr_mbx_send)
    osDelay                                  0x0800a939   Thumb Code    18  rt_cmsis.o(i.osDelay)
    osKernelInitialize                       0x0800a951   Thumb Code    30  rt_cmsis.o(i.osKernelInitialize)
    osKernelStart                            0x0800a975   Thumb Code    98  rt_cmsis.o(i.osKernelStart)
    osMessageGet                             0x0800a9e1   Thumb Code    18  rt_cmsis.o(i.osMessageGet)
    osMutexCreate                            0x0800a9f9   Thumb Code    38  rt_cmsis.o(i.osMutexCreate)
    osMutexRelease                           0x0800aa29   Thumb Code    18  rt_cmsis.o(i.osMutexRelease)
    osMutexWait                              0x0800aa41   Thumb Code    18  rt_cmsis.o(i.osMutexWait)
    osSignalClear                            0x0800aa59   Thumb Code    20  rt_cmsis.o(i.osSignalClear)
    osSignalSet                              0x0800aa71   Thumb Code    18  rt_cmsis.o(i.osSignalSet)
    osSignalWait                             0x0800aa89   Thumb Code    18  rt_cmsis.o(i.osSignalWait)
    osThreadCreate                           0x0800aaa1   Thumb Code    38  rt_cmsis.o(i.osThreadCreate)
    osThreadExit                             0x0800aad1   Thumb Code    14  rt_cmsis.o(i.osThreadExit)
    osTimerCall                              0x0800aae9   Thumb Code     8  rt_cmsis.o(i.osTimerCall)
    osTimerCreate                            0x0800aaf5   Thumb Code    44  rt_cmsis.o(i.osTimerCreate)
    osTimerStart                             0x0800ab29   Thumb Code    18  rt_cmsis.o(i.osTimerStart)
    osTimerThread                            0x0800ab41   Thumb Code    38  rt_cmsis.o(i.osTimerThread)
    os_tick_init                             0x0800ab6d   Thumb Code    32  rt_system.o(i.os_tick_init)
    os_tick_irqack                           0x0800ab95   Thumb Code     2  rt_system.o(i.os_tick_irqack)
    rt_alloc_box                             0x0800ab97   Thumb Code    26  rt_membox.o(i.rt_alloc_box)
    rt_alloc_mem                             0x0800abb1   Thumb Code    62  rt_memory.o(i.rt_alloc_mem)
    rt_block                                 0x0800abf1   Thumb Code    48  rt_task.o(i.rt_block)
    rt_chk_robin                             0x0800ac29   Thumb Code    60  rt_robin.o(i.rt_chk_robin)
    rt_dec_dly                               0x0800ac71   Thumb Code   102  rt_list.o(i.rt_dec_dly)
    rt_dispatch                              0x0800ace1   Thumb Code    60  rt_task.o(i.rt_dispatch)
    rt_dly_wait                              0x0800ad25   Thumb Code     6  rt_time.o(i.rt_dly_wait)
    rt_evt_clr                               0x0800ad2d   Thumb Code    22  rt_event.o(i.rt_evt_clr)
    rt_evt_psh                               0x0800ad49   Thumb Code    76  rt_event.o(i.rt_evt_psh)
    rt_evt_set                               0x0800ad99   Thumb Code    88  rt_event.o(i.rt_evt_set)
    rt_evt_wait                              0x0800adf5   Thumb Code    56  rt_event.o(i.rt_evt_wait)
    rt_free_box                              0x0800ae31   Thumb Code    44  rt_membox.o(i.rt_free_box)
    rt_free_mem                              0x0800ae5d   Thumb Code    40  rt_memory.o(i.rt_free_mem)
    rt_get_first                             0x0800ae85   Thumb Code    40  rt_list.o(i.rt_get_first)
    rt_init_mem                              0x0800aefd   Thumb Code    26  rt_memory.o(i.rt_init_mem)
    rt_init_robin                            0x0800af19   Thumb Code    14  rt_robin.o(i.rt_init_robin)
    rt_init_stack                            0x0800af31   Thumb Code   118  hal_cm.o(i.rt_init_stack)
    rt_mbx_check                             0x0800afb1   Thumb Code     8  rt_mailbox.o(i.rt_mbx_check)
    rt_mbx_init                              0x0800afb9   Thumb Code    26  rt_mailbox.o(i.rt_mbx_init)
    rt_mbx_psh                               0x0800afd5   Thumb Code   236  rt_mailbox.o(i.rt_mbx_psh)
    rt_mbx_wait                              0x0800b0c5   Thumb Code   174  rt_mailbox.o(i.rt_mbx_wait)
    rt_mut_init                              0x0800b1bd   Thumb Code    16  rt_mutex.o(i.rt_mut_init)
    rt_mut_release                           0x0800b1cd   Thumb Code   208  rt_mutex.o(i.rt_mut_release)
    rt_mut_wait                              0x0800b2a5   Thumb Code   100  rt_mutex.o(i.rt_mut_wait)
    rt_pop_req                               0x0800b30d   Thumb Code   112  rt_system.o(i.rt_pop_req)
    rt_psh_req                               0x0800b389   Thumb Code    22  rt_system.o(i.rt_psh_req)
    rt_psq_enq                               0x0800b3a9   Thumb Code    88  rt_list.o(i.rt_psq_enq)
    rt_put_dly                               0x0800b405   Thumb Code    68  rt_list.o(i.rt_put_dly)
    rt_put_prio                              0x0800b44d   Thumb Code    54  rt_list.o(i.rt_put_prio)
    rt_put_rdy_first                         0x0800b485   Thumb Code    14  rt_list.o(i.rt_put_rdy_first)
    rt_resort_prio                           0x0800b499   Thumb Code    46  rt_list.o(i.rt_resort_prio)
    rt_ret_val                               0x0800b4dd   Thumb Code    12  hal_cm.o(i.rt_ret_val)
    rt_ret_val2                              0x0800b4e9   Thumb Code    16  hal_cm.o(i.rt_ret_val2)
    rt_rmv_dly                               0x0800b4f9   Thumb Code    40  rt_list.o(i.rt_rmv_dly)
    rt_rmv_list                              0x0800b521   Thumb Code    44  rt_list.o(i.rt_rmv_list)
    rt_sem_psh                               0x0800b551   Thumb Code    48  rt_semaphore.o(i.rt_sem_psh)
    rt_stk_check                             0x0800b585   Thumb Code    28  rt_system.o(i.rt_stk_check)
    rt_switch_req                            0x0800b5a9   Thumb Code    30  rt_task.o(i.rt_switch_req)
    rt_sys_init                              0x0800b5d1   Thumb Code   138  rt_task.o(i.rt_sys_init)
    rt_sys_start                             0x0800b69d   Thumb Code   110  rt_task.o(i.rt_sys_start)
    rt_systick                               0x0800b715   Thumb Code    50  rt_system.o(i.rt_systick)
    rt_tsk_create                            0x0800b7d9   Thumb Code   118  rt_task.o(i.rt_tsk_create)
    rt_tsk_delete                            0x0800b861   Thumb Code   352  rt_task.o(i.rt_tsk_delete)
    rt_tsk_prio                              0x0800b9dd   Thumb Code   108  rt_task.o(i.rt_tsk_prio)
    rt_tsk_self                              0x0800ba59   Thumb Code    12  rt_task.o(i.rt_tsk_self)
    svcDelay                                 0x0800ba69   Thumb Code    18  rt_cmsis.o(i.svcDelay)
    svcKernelInitialize                      0x0800ba7d   Thumb Code    80  rt_cmsis.o(i.svcKernelInitialize)
    svcKernelStart                           0x0800baed   Thumb Code    62  rt_cmsis.o(i.svcKernelStart)
    svcMessageCreate                         0x0800bb35   Thumb Code    36  rt_cmsis.o(i.svcMessageCreate)
    svcMessageGet                            0x0800bb59   Thumb Code    58  rt_cmsis.o(i.svcMessageGet)
    svcMutexCreate                           0x0800bb93   Thumb Code    28  rt_cmsis.o(i.svcMutexCreate)
    svcMutexRelease                          0x0800bbaf   Thumb Code    34  rt_cmsis.o(i.svcMutexRelease)
    svcMutexWait                             0x0800bbd1   Thumb Code    54  rt_cmsis.o(i.svcMutexWait)
    svcSignalClear                           0x0800bc07   Thumb Code    36  rt_cmsis.o(i.svcSignalClear)
    svcSignalSet                             0x0800bc2b   Thumb Code    36  rt_cmsis.o(i.svcSignalSet)
    svcSignalWait                            0x0800bc51   Thumb Code    80  rt_cmsis.o(i.svcSignalWait)
    svcThreadCreate                          0x0800bca5   Thumb Code   100  rt_cmsis.o(i.svcThreadCreate)
    svcThreadGetId                           0x0800bd15   Thumb Code    22  rt_cmsis.o(i.svcThreadGetId)
    svcThreadTerminate                       0x0800bd31   Thumb Code    50  rt_cmsis.o(i.svcThreadTerminate)
    svcTimerCall                             0x0800bd69   Thumb Code    24  rt_cmsis.o(i.svcTimerCall)
    svcTimerCreate                           0x0800bd81   Thumb Code    52  rt_cmsis.o(i.svcTimerCreate)
    svcTimerStart                            0x0800bdb9   Thumb Code    96  rt_cmsis.o(i.svcTimerStart)
    sysTimerTick                             0x0800be1d   Thumb Code    84  rt_cmsis.o(i.sysTimerTick)
    os_mutex_def_temp_mutex                  0x0800be78   Data           4  main.o(.constdata)
    os_mutex_def_angle_mutex                 0x0800be7c   Data           4  main.o(.constdata)
    os_timer_def_Timer1                      0x0800be80   Data           8  main.o(.constdata)
    os_timer_def_Timer2                      0x0800be88   Data           8  main.o(.constdata)
    os_thread_def_Thread_angle               0x0800be90   Data          16  thread_angle.o(.constdata)
    os_thread_def_Thread_check_temp          0x0800bea0   Data          16  thread_check_temp.o(.constdata)
    os_thread_def_Thread_temp                0x0800beb0   Data          16  thread_temp.o(.constdata)
    os_maxtaskrun                            0x0800bec0   Data           2  rtx_conf_cm.o(.constdata)
    os_stackinfo                             0x0800bec4   Data           4  rtx_conf_cm.o(.constdata)
    os_rrobin                                0x0800bec8   Data           4  rtx_conf_cm.o(.constdata)
    os_tickfreq                              0x0800becc   Data           4  rtx_conf_cm.o(.constdata)
    os_tickus_i                              0x0800bed0   Data           2  rtx_conf_cm.o(.constdata)
    os_tickus_f                              0x0800bed2   Data           2  rtx_conf_cm.o(.constdata)
    os_trv                                   0x0800bed4   Data           4  rtx_conf_cm.o(.constdata)
    os_flags                                 0x0800bed8   Data           1  rtx_conf_cm.o(.constdata)
    CMSIS_RTOS_API_Version                   0x0800bedc   Data           4  rtx_conf_cm.o(.constdata)
    CMSIS_RTOS_RTX_Version                   0x0800bee0   Data           4  rtx_conf_cm.o(.constdata)
    os_clockrate                             0x0800bee4   Data           4  rtx_conf_cm.o(.constdata)
    os_timernum                              0x0800bee8   Data           4  rtx_conf_cm.o(.constdata)
    mp_tcb_size                              0x0800beec   Data           2  rtx_conf_cm.o(.constdata)
    mp_stk_size                              0x0800bef0   Data           4  rtx_conf_cm.o(.constdata)
    os_stack_sz                              0x0800bef4   Data           4  rtx_conf_cm.o(.constdata)
    os_fifo_size                             0x0800bef8   Data           1  rtx_conf_cm.o(.constdata)
    os_thread_def_osTimerThread              0x0800befc   Data          16  rtx_conf_cm.o(.constdata)
    os_messageQ_def_osTimerMessageQ          0x0800bf0c   Data           8  rtx_conf_cm.o(.constdata)
    mp_tmr_size                              0x0800bf14   Data           2  rtx_conf_cm.o(.constdata)
    APBAHBPrescTable                         0x0800bf1e   Data          16  stm32f4xx_hal_rcc.o(.constdata)
    AHBPrescTable                            0x0800bf2e   Data          16  system_stm32f4xx.o(.constdata)
    __mathlib_zero                           0x0800bfd8   Data           8  qnan.o(.constdata)
    Region$$Table$$Base                      0x0800bfe0   Number         0  anon$$obj.o(Region$$Table)
    Region$$Table$$Limit                     0x0800c000   Number         0  anon$$obj.o(Region$$Table)
    TIM3_counter                             0x20000000   Data           4  main.o(.data)
    alarm_flag                               0x20000004   Data           4  main.o(.data)
    display                                  0x20000008   Data           4  main.o(.data)
    EXTI0_flag_value                         0x2000000c   Data           4  main.o(.data)
    TIM3_flag_value                          0x20000010   Data           4  main.o(.data)
    display_temp                             0x20000014   Data           4  main.o(.data)
    display_pitch                            0x20000018   Data           4  main.o(.data)
    display_roll                             0x2000001c   Data           4  main.o(.data)
    temp_mutex                               0x20000020   Data           4  main.o(.data)
    angle_mutex                              0x20000024   Data           4  main.o(.data)
    timer_segment_Id                         0x20000028   Data           4  main.o(.data)
    timer_keypad_Id                          0x2000002c   Data           4  main.o(.data)
    LIS3DSH_InitStruct                       0x20000030   Data           6  accelerometer.o(.data)
    LIS3DSH_IntConfigStruct                  0x20000036   Data           3  accelerometer.o(.data)
    i                                        0x2000003c   Data           4  accelerometer.o(.data)
    pitch                                    0x20000040   Data           4  accelerometer.o(.data)
    roll                                     0x20000044   Data           4  accelerometer.o(.data)
    count_for_animation                      0x20000048   Data           4  accelerometer.o(.data)
    calibration_param_matrix                 0x2000004c   Data          48  accelerometer.o(.data)
    column                                   0x2000007c   Data           4  alphanumeric_pad.o(.data)
    row                                      0x20000080   Data           4  alphanumeric_pad.o(.data)
    keypad_state                             0x20000084   Data           4  alphanumeric_pad.o(.data)
    input_flag                               0x20000088   Data           4  alphanumeric_pad.o(.data)
    display_mode                             0x2000008c   Data           4  alphanumeric_pad.o(.data)
    tilt_selection                           0x20000090   Data           4  alphanumeric_pad.o(.data)
    key                                      0x20000094   Data           1  alphanumeric_pad.o(.data)
    keys                                     0x20000095   Data          16  alphanumeric_pad.o(.data)
    segment_display_flag                     0x200000a8   Data           4  segment_display.o(.data)
    position                                 0x200000ac   Data           4  segment_display.o(.data)
    number                                   0x200000b0   Data           4  segment_display.o(.data)
    update_flag                              0x200000b4   Data           4  segment_display.o(.data)
    decimal_position_one                     0x200000b8   Data           4  segment_display.o(.data)
    decimal_position_ten                     0x200000bc   Data           4  segment_display.o(.data)
    count_for_alarm                          0x200000c0   Data           4  segment_display.o(.data)
    is_alarm_on                              0x200000c4   Data           4  temperature_sensor.o(.data)
    display_angle_counter                    0x200000c8   Data           4  thread_angle.o(.data)
    angle_flag                               0x200000cc   Data           4  thread_angle.o(.data)
    tid_Thread_angle                         0x200000d0   Data           4  thread_angle.o(.data)
    tid_Thread_check_temp                    0x200000d4   Data           4  thread_check_temp.o(.data)
    display_counter                          0x200000d8   Data           4  thread_temp.o(.data)
    temp_flag                                0x200000dc   Data           4  thread_temp.o(.data)
    tid_Thread_temp                          0x200000e0   Data           4  thread_temp.o(.data)
    LIS3DSHTimeout                           0x200000e4   Data           4  lis3dsh.o(.data)
    osThreadId_osTimerThread                 0x200000e8   Data           4  rtx_conf_cm.o(.data)
    osMessageQId_osTimerMessageQ             0x200000ec   Data           4  rtx_conf_cm.o(.data)
    os_tmr                                   0x200000f0   Data           4  rtx_conf_cm.o(.data)
    m_tmr                                    0x200000f4   Data           4  rtx_conf_cm.o(.data)
    os_thread_def_main                       0x200000f8   Data          16  rtx_conf_cm.o(.data)
    SystemCoreClock                          0x2000010c   Data           4  system_stm32f4xx.o(.data)
    os_initialized                           0x20000110   Data           1  rt_cmsis.o(.data)
    os_running                               0x20000111   Data           1  rt_cmsis.o(.data)
    os_timer_head                            0x20000114   Data           4  rt_cmsis.o(.data)
    os_time                                  0x20000118   Data           4  rt_time.o(.data)
    os_tsk                                   0x2000011c   Data           8  rt_task.o(.data)
    os_tick_irqn                             0x20000128   Data           4  rt_system.o(.data)
    dbg_msg                                  0x2000012c   Data           1  hal_cm.o(.data)
    os_robin                                 0x20000130   Data           8  rt_robin.o(.data)
    __stdout                                 0x20000138   Data           4  stdout.o(.data)
    GPIO_InitStruct                          0x2000013c   Data          20  main.o(.bss)
    x_kstate                                 0x20000150   Data          20  main.o(.bss)
    y_kstate                                 0x20000164   Data          20  main.o(.bss)
    z_kstate                                 0x20000178   Data          20  main.o(.bss)
    temp_kstate                              0x2000018c   Data          20  main.o(.bss)
    os_mutex_cb_temp_mutex                   0x200001a0   Data          16  main.o(.bss)
    os_mutex_cb_angle_mutex                  0x200001b0   Data          16  main.o(.bss)
    os_timer_cb_Timer1                       0x200001c0   Data          24  main.o(.bss)
    os_timer_cb_Timer2                       0x200001d8   Data          24  main.o(.bss)
    GPIO_InitStructx                         0x200001f0   Data          20  accelerometer.o(.bss)
    acceleration_reading                     0x20000204   Data          12  accelerometer.o(.bss)
    acceleration_filtered                    0x20000210   Data          12  accelerometer.o(.bss)
    acceleration_normalized                  0x2000021c   Data          12  accelerometer.o(.bss)
    TIM3_Handle                              0x20000228   Data          60  timer.o(.bss)
    ADC_InitStruct                           0x20000264   Data          48  temperature_sensor.o(.bss)
    ADC_ChannelStruct                        0x20000294   Data          16  temperature_sensor.o(.bss)
    ADC1_Handle                              0x200002a4   Data          68  temperature_sensor.o(.bss)
    SpiHandle                                0x200002e8   Data          88  lis3dsh.o(.bss)
    mp_tcb                                   0x20000340   Data         376  rtx_conf_cm.o(.bss)
    mp_stk                                   0x200004b8   Data        8992  rtx_conf_cm.o(.bss)
    os_stack_mem                             0x200027d8   Data        1856  rtx_conf_cm.o(.bss)
    os_fifo                                  0x20002f18   Data         132  rtx_conf_cm.o(.bss)
    os_active_TCB                            0x20002f9c   Data          28  rtx_conf_cm.o(.bss)
    os_messageQ_q_osTimerMessageQ            0x20002fb8   Data          32  rtx_conf_cm.o(.bss)
    os_idle_TCB                              0x20002fd8   Data          52  rt_task.o(.bss)
    os_rdy                                   0x2000300c   Data          24  rt_list.o(.bss)
    os_dly                                   0x20003024   Data          24  rt_list.o(.bss)
    __initial_sp                             0x20003440   Data           0  startup_stm32f407xx.o(STACK)



==============================================================================

Memory Map of the image

  Image Entry point : 0x08000189

  Load Region LR_IROM1 (Base: 0x08000000, Size: 0x0000c13c, Max: 0x00100000, ABSOLUTE, COMPRESSED[0x0000c060])

    Execution Region ER_IROM1 (Base: 0x08000000, Size: 0x0000c000, Max: 0x00100000, ABSOLUTE)

    Base Addr    Size         Type   Attr      Idx    E Section Name        Object

    0x08000000   0x00000188   Data   RO          950    RESET               startup_stm32f407xx.o
    0x08000188   0x00000000   Code   RO         2217  * .ARM.Collect$$$$00000000  mc_w.l(entry.o)
    0x08000188   0x00000004   Code   RO         2530    .ARM.Collect$$$$00000001  mc_w.l(entry2.o)
    0x0800018c   0x00000004   Code   RO         2533    .ARM.Collect$$$$00000004  mc_w.l(entry5.o)
    0x08000190   0x00000000   Code   RO         2535    .ARM.Collect$$$$00000008  mc_w.l(entry7b.o)
    0x08000190   0x00000000   Code   RO         2537    .ARM.Collect$$$$0000000A  mc_w.l(entry8b.o)
    0x08000190   0x00000000   Code   RO         2538    .ARM.Collect$$$$0000000D  mc_w.l(entry10a.o)
    0x08000190   0x00000000   Code   RO         2540    .ARM.Collect$$$$0000000F  mc_w.l(entry11a.o)
    0x08000190   0x00000018   Code   RO          525    .ARM.Collect$$$$000000FF  rtx_conf_cm.o
    0x080001a8   0x00000004   Code   RO         2531    .ARM.Collect$$$$00002712  mc_w.l(entry2.o)
    0x080001ac   0x00000198   Code   RO         2192    .emb_text           RTX_CM4.lib(hal_cm4.o)
    0x08000344   0x00000394   Code   RO            4    .text               main.o
    0x080006d8   0x000001e0   Code   RO          183    .text               supporting_functions.o
    0x080008b8   0x00000310   Code   RO          198    .text               accelerometer.o
    0x08000bc8   0x00000230   Code   RO          237    .text               alphanumeric_pad.o
    0x08000df8   0x0000030c   Code   RO          269    .text               segment_display.o
    0x08001104   0x00000070   Code   RO          299    .text               timer.o
    0x08001174   0x00000018   Code   RO          347    .text               stm32f4xx_it.o
    0x0800118c   0x00000160   Code   RO          374    .text               temperature_sensor.o
    0x080012ec   0x00000150   Code   RO          405    .text               thread_angle.o
    0x0800143c   0x00000090   Code   RO          440    .text               thread_check_temp.o
    0x080014cc   0x000000e0   Code   RO          469    .text               thread_temp.o
    0x080015ac   0x000005c0   Code   RO          497    .text               lis3dsh.o
    0x08001b6c   0x00000026   Code   RO          526    .text               rtx_conf_cm.o
    0x08001b92   0x00000002   PAD
    0x08001b94   0x000001b0   Code   RO          557    .text               stm32f4xx_hal.o
    0x08001d44   0x0000099c   Code   RO          583    .text               stm32f4xx_hal_adc.o
    0x080026e0   0x00000720   Code   RO          607    .text               stm32f4xx_hal_adc_ex.o
    0x08002e00   0x00000324   Code   RO          631    .text               stm32f4xx_hal_cortex.o
    0x08003124   0x00000618   Code   RO          659    .text               stm32f4xx_hal_dma.o
    0x0800373c   0x000003cc   Code   RO          708    .text               stm32f4xx_hal_gpio.o
    0x08003b08   0x00000a4c   Code   RO          780    .text               stm32f4xx_hal_rcc.o
    0x08004554   0x00001598   Code   RO          831    .text               stm32f4xx_hal_spi.o
    0x08005aec   0x00002800   Code   RO          855    .text               stm32f4xx_hal_tim.o
    0x080082ec   0x00000d88   Code   RO          879    .text               stm32f4xx_hal_tim_ex.o
    0x08009074   0x00000024   Code   RO          951    .text               startup_stm32f407xx.o
    0x08009098   0x00000120   Code   RO          958    .text               system_stm32f4xx.o
    0x080091b8   0x00000062   Code   RO         2220    .text               mc_w.l(uldiv.o)
    0x0800921a   0x00000024   Code   RO         2222    .text               mc_w.l(memcpya.o)
    0x0800923e   0x000000e4   Code   RO         2487    .text               mf_w.l(dmul.o)
    0x08009322   0x000000de   Code   RO         2489    .text               mf_w.l(ddiv.o)
    0x08009400   0x00000026   Code   RO         2491    .text               mf_w.l(f2d.o)
    0x08009426   0x00000038   Code   RO         2493    .text               mf_w.l(d2f.o)
    0x0800945e   0x0000002c   Code   RO         2545    .text               mc_w.l(uidiv.o)
    0x0800948a   0x0000001e   Code   RO         2547    .text               mc_w.l(llshl.o)
    0x080094a8   0x00000020   Code   RO         2549    .text               mc_w.l(llushr.o)
    0x080094c8   0x00000000   Code   RO         2558    .text               mc_w.l(iusefp.o)
    0x080094c8   0x0000006e   Code   RO         2559    .text               mf_w.l(fepilogue.o)
    0x08009536   0x000000ba   Code   RO         2561    .text               mf_w.l(depilogue.o)
    0x080095f0   0x0000014e   Code   RO         2563    .text               mf_w.l(dadd.o)
    0x0800973e   0x00000030   Code   RO         2567    .text               mf_w.l(dfixul.o)
    0x0800976e   0x00000002   PAD
    0x08009770   0x00000030   Code   RO         2569    .text               mf_w.l(cdrcmple.o)
    0x080097a0   0x00000024   Code   RO         2575    .text               mc_w.l(init.o)
    0x080097c4   0x00000000   Code   RO         2577    .text               mc_w.l(semi.o)
    0x080097c4   0x00000024   Code   RO         2578    .text               mc_w.l(llsshr.o)
    0x080097e8   0x00000000   Code   RO         2580    .text               mc_w.l(iusesemip.o)
    0x080097e8   0x00000056   Code   RO         2589    .text               mc_w.l(__dczerorl2.o)
    0x0800983e   0x00000002   PAD
    0x08009840   0x00000004   Code   RO         2202    SVC_TABLE           RTX_CM4.lib(svc_table.o)
    0x08009844   0x00000020   Code   RO         2459    i.__0printf         mc_w.l(printfa.o)
    0x08009864   0x00000030   Code   RO         2571    i.__ARM_fpclassify  m_wm.l(fpclassify.o)
    0x08009894   0x00000004   PAD
    0x08009898   0x000002d8   Code   RO         2495    i.__hardfp_atan     m_wm.l(atan.o)
    0x08009b70   0x000001f0   Code   RO         2205    i.__hardfp_atan2    m_wm.l(atan2.o)
    0x08009d60   0x000000f8   Code   RO         2573    i.__kernel_poly     m_wm.l(poly.o)
    0x08009e58   0x00000014   Code   RO         2510    i.__mathlib_dbl_infnan  m_wm.l(dunder.o)
    0x08009e6c   0x00000014   Code   RO         2511    i.__mathlib_dbl_infnan2  m_wm.l(dunder.o)
    0x08009e80   0x00000020   Code   RO         2515    i.__mathlib_dbl_underflow  m_wm.l(dunder.o)
    0x08009ea0   0x0000000e   Code   RO         2583    i.__scatterload_copy  mc_w.l(handlers.o)
    0x08009eae   0x00000002   Code   RO         2584    i.__scatterload_null  mc_w.l(handlers.o)
    0x08009eb0   0x0000000e   Code   RO         2585    i.__scatterload_zeroinit  mc_w.l(handlers.o)
    0x08009ebe   0x00000002   PAD
    0x08009ec0   0x00000164   Code   RO         2466    i._fp_digits        mc_w.l(printfa.o)
    0x0800a024   0x00000046   Code   RO         2065    i._init_box         RTX_CM4.lib(rt_membox.o)
    0x0800a06a   0x00000002   PAD
    0x0800a06c   0x000006dc   Code   RO         2467    i._printf_core      mc_w.l(printfa.o)
    0x0800a748   0x00000024   Code   RO         2468    i._printf_post_padding  mc_w.l(printfa.o)
    0x0800a76c   0x0000002e   Code   RO         2469    i._printf_pre_padding  mc_w.l(printfa.o)
    0x0800a79a   0x00000010   Code   RO         2497    i.atan              m_wm.l(atan.o)
    0x0800a7aa   0x00000002   PAD
    0x0800a7ac   0x00000030   Code   RO         2118    i.dbg_init          RTX_CM4.lib(hal_cm.o)
    0x0800a7dc   0x00000020   Code   RO         2119    i.dbg_task_notify   RTX_CM4.lib(hal_cm.o)
    0x0800a7fc   0x00000010   Code   RO         2120    i.dbg_task_switch   RTX_CM4.lib(hal_cm.o)
    0x0800a80c   0x00000018   Code   RO         2525    i.fabs              m_wm.l(fabs.o)
    0x0800a824   0x00000012   Code   RO         2542    i.fputc             mc_w.l(fputc.o)
    0x0800a836   0x0000002a   Code   RO          989    i.isrMessageGet     RTX_CM4.lib(rt_cmsis.o)
    0x0800a860   0x0000002c   Code   RO          990    i.isrMessagePut     RTX_CM4.lib(rt_cmsis.o)
    0x0800a88c   0x00000024   Code   RO          992    i.isrSignalSet      RTX_CM4.lib(rt_cmsis.o)
    0x0800a8b0   0x00000028   Code   RO         1822    i.isr_evt_set       RTX_CM4.lib(rt_event.o)
    0x0800a8d8   0x00000052   Code   RO         1944    i.isr_mbx_receive   RTX_CM4.lib(rt_mailbox.o)
    0x0800a92a   0x0000000e   Code   RO         1945    i.isr_mbx_send      RTX_CM4.lib(rt_mailbox.o)
    0x0800a938   0x00000018   Code   RO          993    i.osDelay           RTX_CM4.lib(rt_cmsis.o)
    0x0800a950   0x00000024   Code   RO          994    i.osKernelInitialize  RTX_CM4.lib(rt_cmsis.o)
    0x0800a974   0x0000006c   Code   RO          996    i.osKernelStart     RTX_CM4.lib(rt_cmsis.o)
    0x0800a9e0   0x00000018   Code   RO         1005    i.osMessageGet      RTX_CM4.lib(rt_cmsis.o)
    0x0800a9f8   0x00000030   Code   RO         1007    i.osMutexCreate     RTX_CM4.lib(rt_cmsis.o)
    0x0800aa28   0x00000018   Code   RO         1009    i.osMutexRelease    RTX_CM4.lib(rt_cmsis.o)
    0x0800aa40   0x00000018   Code   RO         1010    i.osMutexWait       RTX_CM4.lib(rt_cmsis.o)
    0x0800aa58   0x00000018   Code   RO         1019    i.osSignalClear     RTX_CM4.lib(rt_cmsis.o)
    0x0800aa70   0x00000018   Code   RO         1020    i.osSignalSet       RTX_CM4.lib(rt_cmsis.o)
    0x0800aa88   0x00000018   Code   RO         1021    i.osSignalWait      RTX_CM4.lib(rt_cmsis.o)
    0x0800aaa0   0x00000030   Code   RO         1022    i.osThreadCreate    RTX_CM4.lib(rt_cmsis.o)
    0x0800aad0   0x00000018   Code   RO         1023    i.osThreadExit      RTX_CM4.lib(rt_cmsis.o)
    0x0800aae8   0x0000000c   Code   RO         1029    i.osTimerCall       RTX_CM4.lib(rt_cmsis.o)
    0x0800aaf4   0x00000034   Code   RO         1030    i.osTimerCreate     RTX_CM4.lib(rt_cmsis.o)
    0x0800ab28   0x00000018   Code   RO         1032    i.osTimerStart      RTX_CM4.lib(rt_cmsis.o)
    0x0800ab40   0x0000002c   Code   RO         1034    i.osTimerThread     RTX_CM4.lib(rt_cmsis.o)
    0x0800ab6c   0x00000028   Code   RO         1732    i.os_tick_init      RTX_CM4.lib(rt_system.o)
    0x0800ab94   0x00000002   Code   RO         1733    i.os_tick_irqack    RTX_CM4.lib(rt_system.o)
    0x0800ab96   0x0000001a   Code   RO         2066    i.rt_alloc_box      RTX_CM4.lib(rt_membox.o)
    0x0800abb0   0x0000003e   Code   RO         2094    i.rt_alloc_mem      RTX_CM4.lib(rt_memory.o)
    0x0800abee   0x00000002   PAD
    0x0800abf0   0x00000038   Code   RO         1647    i.rt_block          RTX_CM4.lib(rt_task.o)
    0x0800ac28   0x00000048   Code   RO         2171    i.rt_chk_robin      RTX_CM4.lib(rt_robin.o)
    0x0800ac70   0x00000070   Code   RO         1868    i.rt_dec_dly        RTX_CM4.lib(rt_list.o)
    0x0800ace0   0x00000044   Code   RO         1648    i.rt_dispatch       RTX_CM4.lib(rt_task.o)
    0x0800ad24   0x00000006   Code   RO         1614    i.rt_dly_wait       RTX_CM4.lib(rt_time.o)
    0x0800ad2a   0x00000002   PAD
    0x0800ad2c   0x0000001c   Code   RO         1823    i.rt_evt_clr        RTX_CM4.lib(rt_event.o)
    0x0800ad48   0x00000050   Code   RO         1825    i.rt_evt_psh        RTX_CM4.lib(rt_event.o)
    0x0800ad98   0x0000005c   Code   RO         1826    i.rt_evt_set        RTX_CM4.lib(rt_event.o)
    0x0800adf4   0x0000003c   Code   RO         1827    i.rt_evt_wait       RTX_CM4.lib(rt_event.o)
    0x0800ae30   0x0000002c   Code   RO         2067    i.rt_free_box       RTX_CM4.lib(rt_membox.o)
    0x0800ae5c   0x00000028   Code   RO         2095    i.rt_free_mem       RTX_CM4.lib(rt_memory.o)
    0x0800ae84   0x00000028   Code   RO         1869    i.rt_get_first      RTX_CM4.lib(rt_list.o)
    0x0800aeac   0x00000008   Code   RO         1039    i.rt_id2obj         RTX_CM4.lib(rt_cmsis.o)
    0x0800aeb4   0x00000048   Code   RO         1649    i.rt_init_context   RTX_CM4.lib(rt_task.o)
    0x0800aefc   0x0000001a   Code   RO         2096    i.rt_init_mem       RTX_CM4.lib(rt_memory.o)
    0x0800af16   0x00000002   PAD
    0x0800af18   0x00000018   Code   RO         2172    i.rt_init_robin     RTX_CM4.lib(rt_robin.o)
    0x0800af30   0x00000080   Code   RO         2121    i.rt_init_stack     RTX_CM4.lib(hal_cm.o)
    0x0800afb0   0x00000008   Code   RO         1946    i.rt_mbx_check      RTX_CM4.lib(rt_mailbox.o)
    0x0800afb8   0x0000001a   Code   RO         1947    i.rt_mbx_init       RTX_CM4.lib(rt_mailbox.o)
    0x0800afd2   0x00000002   PAD
    0x0800afd4   0x000000f0   Code   RO         1948    i.rt_mbx_psh        RTX_CM4.lib(rt_mailbox.o)
    0x0800b0c4   0x000000b4   Code   RO         1950    i.rt_mbx_wait       RTX_CM4.lib(rt_mailbox.o)
    0x0800b178   0x00000044   Code   RO         1040    i.rt_ms2tick        RTX_CM4.lib(rt_cmsis.o)
    0x0800b1bc   0x00000010   Code   RO         2035    i.rt_mut_init       RTX_CM4.lib(rt_mutex.o)
    0x0800b1cc   0x000000d8   Code   RO         2036    i.rt_mut_release    RTX_CM4.lib(rt_mutex.o)
    0x0800b2a4   0x00000068   Code   RO         2037    i.rt_mut_wait       RTX_CM4.lib(rt_mutex.o)
    0x0800b30c   0x0000007c   Code   RO         1736    i.rt_pop_req        RTX_CM4.lib(rt_system.o)
    0x0800b388   0x00000020   Code   RO         1737    i.rt_psh_req        RTX_CM4.lib(rt_system.o)
    0x0800b3a8   0x0000005c   Code   RO         1871    i.rt_psq_enq        RTX_CM4.lib(rt_list.o)
    0x0800b404   0x00000048   Code   RO         1872    i.rt_put_dly        RTX_CM4.lib(rt_list.o)
    0x0800b44c   0x00000036   Code   RO         1873    i.rt_put_prio       RTX_CM4.lib(rt_list.o)
    0x0800b482   0x00000002   PAD
    0x0800b484   0x00000014   Code   RO         1874    i.rt_put_rdy_first  RTX_CM4.lib(rt_list.o)
    0x0800b498   0x00000034   Code   RO         1875    i.rt_resort_prio    RTX_CM4.lib(rt_list.o)
    0x0800b4cc   0x00000010   Code   RO         2122    i.rt_ret_regs       RTX_CM4.lib(hal_cm.o)
    0x0800b4dc   0x0000000c   Code   RO         2123    i.rt_ret_val        RTX_CM4.lib(hal_cm.o)
    0x0800b4e8   0x00000010   Code   RO         2124    i.rt_ret_val2       RTX_CM4.lib(hal_cm.o)
    0x0800b4f8   0x00000028   Code   RO         1876    i.rt_rmv_dly        RTX_CM4.lib(rt_list.o)
    0x0800b520   0x00000030   Code   RO         1877    i.rt_rmv_list       RTX_CM4.lib(rt_list.o)
    0x0800b550   0x00000034   Code   RO         1995    i.rt_sem_psh        RTX_CM4.lib(rt_semaphore.o)
    0x0800b584   0x00000024   Code   RO         1739    i.rt_stk_check      RTX_CM4.lib(rt_system.o)
    0x0800b5a8   0x00000028   Code   RO         1650    i.rt_switch_req     RTX_CM4.lib(rt_task.o)
    0x0800b5d0   0x000000cc   Code   RO         1651    i.rt_sys_init       RTX_CM4.lib(rt_task.o)
    0x0800b69c   0x00000078   Code   RO         1652    i.rt_sys_start      RTX_CM4.lib(rt_task.o)
    0x0800b714   0x00000040   Code   RO         1741    i.rt_systick        RTX_CM4.lib(rt_system.o)
    0x0800b754   0x00000012   Code   RO         1041    i.rt_tid2ptcb       RTX_CM4.lib(rt_cmsis.o)
    0x0800b766   0x00000002   PAD
    0x0800b768   0x00000034   Code   RO         1042    i.rt_timer_insert   RTX_CM4.lib(rt_cmsis.o)
    0x0800b79c   0x0000003c   Code   RO         1043    i.rt_timer_remove   RTX_CM4.lib(rt_cmsis.o)
    0x0800b7d8   0x00000088   Code   RO         1653    i.rt_tsk_create     RTX_CM4.lib(rt_task.o)
    0x0800b860   0x0000017c   Code   RO         1654    i.rt_tsk_delete     RTX_CM4.lib(rt_task.o)
    0x0800b9dc   0x0000007c   Code   RO         1656    i.rt_tsk_prio       RTX_CM4.lib(rt_task.o)
    0x0800ba58   0x00000010   Code   RO         1657    i.rt_tsk_self       RTX_CM4.lib(rt_task.o)
    0x0800ba68   0x00000012   Code   RO         1044    i.svcDelay          RTX_CM4.lib(rt_cmsis.o)
    0x0800ba7a   0x00000002   PAD
    0x0800ba7c   0x00000070   Code   RO         1045    i.svcKernelInitialize  RTX_CM4.lib(rt_cmsis.o)
    0x0800baec   0x00000048   Code   RO         1047    i.svcKernelStart    RTX_CM4.lib(rt_cmsis.o)
    0x0800bb34   0x00000024   Code   RO         1050    i.svcMessageCreate  RTX_CM4.lib(rt_cmsis.o)
    0x0800bb58   0x0000003a   Code   RO         1051    i.svcMessageGet     RTX_CM4.lib(rt_cmsis.o)
    0x0800bb92   0x0000001c   Code   RO         1053    i.svcMutexCreate    RTX_CM4.lib(rt_cmsis.o)
    0x0800bbae   0x00000022   Code   RO         1055    i.svcMutexRelease   RTX_CM4.lib(rt_cmsis.o)
    0x0800bbd0   0x00000036   Code   RO         1056    i.svcMutexWait      RTX_CM4.lib(rt_cmsis.o)
    0x0800bc06   0x00000024   Code   RO         1062    i.svcSignalClear    RTX_CM4.lib(rt_cmsis.o)
    0x0800bc2a   0x00000024   Code   RO         1063    i.svcSignalSet      RTX_CM4.lib(rt_cmsis.o)
    0x0800bc4e   0x00000002   PAD
    0x0800bc50   0x00000054   Code   RO         1064    i.svcSignalWait     RTX_CM4.lib(rt_cmsis.o)
    0x0800bca4   0x00000070   Code   RO         1065    i.svcThreadCreate   RTX_CM4.lib(rt_cmsis.o)
    0x0800bd14   0x0000001c   Code   RO         1066    i.svcThreadGetId    RTX_CM4.lib(rt_cmsis.o)
    0x0800bd30   0x00000038   Code   RO         1069    i.svcThreadTerminate  RTX_CM4.lib(rt_cmsis.o)
    0x0800bd68   0x00000018   Code   RO         1071    i.svcTimerCall      RTX_CM4.lib(rt_cmsis.o)
    0x0800bd80   0x00000038   Code   RO         1072    i.svcTimerCreate    RTX_CM4.lib(rt_cmsis.o)
    0x0800bdb8   0x00000064   Code   RO         1074    i.svcTimerStart     RTX_CM4.lib(rt_cmsis.o)
    0x0800be1c   0x0000005c   Code   RO         1080    i.sysTimerTick      RTX_CM4.lib(rt_cmsis.o)
    0x0800be78   0x00000018   Data   RO            6    .constdata          main.o
    0x0800be90   0x00000010   Data   RO          406    .constdata          thread_angle.o
    0x0800bea0   0x00000010   Data   RO          442    .constdata          thread_check_temp.o
    0x0800beb0   0x00000010   Data   RO          470    .constdata          thread_temp.o
    0x0800bec0   0x00000056   Data   RO          528    .constdata          rtx_conf_cm.o
    0x0800bf16   0x00000008   Data   RO          660    .constdata          stm32f4xx_hal_dma.o
    0x0800bf1e   0x00000010   Data   RO          781    .constdata          stm32f4xx_hal_rcc.o
    0x0800bf2e   0x00000010   Data   RO          959    .constdata          system_stm32f4xx.o
    0x0800bf3e   0x00000002   PAD
    0x0800bf40   0x00000098   Data   RO         2498    .constdata          m_wm.l(atan.o)
    0x0800bfd8   0x00000008   Data   RO         2529    .constdata          m_wm.l(qnan.o)
    0x0800bfe0   0x00000020   Data   RO         2581    Region$$Table       anon$$obj.o


    Execution Region RW_IRAM1 (Base: 0x20000000, Size: 0x00003440, Max: 0x00020000, ABSOLUTE, COMPRESSED[0x00000060])

    Base Addr    Size         Type   Attr      Idx    E Section Name        Object

    0x20000000   0x00000030   Data   RW            7    .data               main.o
    0x20000030   0x0000004c   Data   RW          200    .data               accelerometer.o
    0x2000007c   0x00000029   Data   RW          239    .data               alphanumeric_pad.o
    0x200000a5   0x00000003   PAD
    0x200000a8   0x0000001c   Data   RW          270    .data               segment_display.o
    0x200000c4   0x00000004   Data   RW          376    .data               temperature_sensor.o
    0x200000c8   0x0000000c   Data   RW          407    .data               thread_angle.o
    0x200000d4   0x00000004   Data   RW          443    .data               thread_check_temp.o
    0x200000d8   0x0000000c   Data   RW          471    .data               thread_temp.o
    0x200000e4   0x00000004   Data   RW          499    .data               lis3dsh.o
    0x200000e8   0x00000020   Data   RW          529    .data               rtx_conf_cm.o
    0x20000108   0x00000004   Data   RW          558    .data               stm32f4xx_hal.o
    0x2000010c   0x00000004   Data   RW          960    .data               system_stm32f4xx.o
    0x20000110   0x00000008   Data   RW         1083    .data               RTX_CM4.lib(rt_cmsis.o)
    0x20000118   0x00000004   Data   RW         1618    .data               RTX_CM4.lib(rt_time.o)
    0x2000011c   0x00000008   Data   RW         1659    .data               RTX_CM4.lib(rt_task.o)
    0x20000124   0x00000008   Data   RW         1744    .data               RTX_CM4.lib(rt_system.o)
    0x2000012c   0x00000001   Data   RW         2125    .data               RTX_CM4.lib(hal_cm.o)
    0x2000012d   0x00000003   PAD
    0x20000130   0x00000008   Data   RW         2173    .data               RTX_CM4.lib(rt_robin.o)
    0x20000138   0x00000004   Data   RW         2544    .data               mc_w.l(stdout.o)
    0x2000013c   0x000000b4   Zero   RW            5    .bss                main.o
    0x200001f0   0x00000038   Zero   RW          199    .bss                accelerometer.o
    0x20000228   0x0000003c   Zero   RW          300    .bss                timer.o
    0x20000264   0x00000084   Zero   RW          375    .bss                temperature_sensor.o
    0x200002e8   0x00000058   Zero   RW          498    .bss                lis3dsh.o
    0x20000340   0x00002c98   Zero   RW          527    .bss                rtx_conf_cm.o
    0x20002fd8   0x00000034   Zero   RW         1658    .bss                RTX_CM4.lib(rt_task.o)
    0x2000300c   0x00000030   Zero   RW         1878    .bss                RTX_CM4.lib(rt_list.o)
    0x2000303c   0x00000004   PAD
    0x20003040   0x00000400   Zero   RW          948    STACK               startup_stm32f407xx.o


==============================================================================

Image component sizes


      Code (inc. data)   RO Data    RW Data    ZI Data      Debug   Object Name

       784         90          0         76         56       2548   accelerometer.o
       560         44          0         41          0       2393   alphanumeric_pad.o
      1472        120          0          4         88      12565   lis3dsh.o
       916        136         24         48        180     406411   main.o
        62          6         86         32      11416       7390   rtx_conf_cm.o
       780         56          0         28          0       2189   segment_display.o
        36          8        392          0       1024        860   startup_stm32f407xx.o
       432         26          0          4          0       4990   stm32f4xx_hal.o
      2460         70          0          0          0       7575   stm32f4xx_hal_adc.o
      1824         40          0          0          0       5694   stm32f4xx_hal_adc_ex.o
       804         20          0          0          0      32311   stm32f4xx_hal_cortex.o
      1560         16          8          0          0       5016   stm32f4xx_hal_dma.o
       972         50          0          0          0       3835   stm32f4xx_hal_gpio.o
      2636         66         16          0          0       5742   stm32f4xx_hal_rcc.o
      5528         54          0          0          0      13284   stm32f4xx_hal_spi.o
     10240        152          0          0          0      31026   stm32f4xx_hal_tim.o
      3464         26          0          0          0      11826   stm32f4xx_hal_tim_ex.o
        24          4          0          0          0        611   stm32f4xx_it.o
       480        392          0          0          0        600   supporting_functions.o
       288         32         16          4          0       1639   system_stm32f4xx.o
       352         54          0          4        132       1953   temperature_sensor.o
       336         62         16         12          0       1876   thread_angle.o
       144         26         16          4          0       1686   thread_check_temp.o
       224         40         16         12          0       1808   thread_temp.o
       112         14          0          0         60       1005   timer.o

    ----------------------------------------------------------------------
     36492       1604        624        272      12956     566833   Object Totals
         0          0         32          0          0          0   (incl. Generated)
         2          0          2          3          0          0   (incl. Padding)

    ----------------------------------------------------------------------

      Code (inc. data)   RO Data    RW Data    ZI Data      Debug   Library Member Name

       268         24          0          1          0       4452   hal_cm.o
       408         34          0          0          0        816   hal_cm4.o
      1928        214          0          8          0      47783   rt_cmsis.o
       300         24          0          0          0       3383   rt_event.o
       530         34          0          0         48       8597   rt_list.o
       550         10          0          0          0       4185   rt_mailbox.o
       140          0          0          0          0       2045   rt_membox.o
       128          0          0          0          0       2419   rt_memory.o
       336         12          0          0          0       2201   rt_mutex.o
        96         22          0          8          0       1230   rt_robin.o
        52          4          0          0          0        613   rt_semaphore.o
       298         52          0          8          0       6439   rt_system.o
      1216        174          0          8         52      10025   rt_task.o
         6          0          0          4          0        684   rt_time.o
         4          4          0          0          0        200   svc_table.o
       744        106        152          0          0        352   atan.o
       496         64          0          0          0        192   atan2.o
        72          8          0          0          0        372   dunder.o
        24          0          0          0          0        124   fabs.o
        48          0          0          0          0        124   fpclassify.o
       248          0          0          0          0        152   poly.o
         0          0          8          0          0          0   qnan.o
        86          0          0          0          0          0   __dczerorl2.o
         0          0          0          0          0          0   entry.o
         0          0          0          0          0          0   entry10a.o
         0          0          0          0          0          0   entry11a.o
         8          4          0          0          0          0   entry2.o
         4          0          0          0          0          0   entry5.o
         0          0          0          0          0          0   entry7b.o
         0          0          0          0          0          0   entry8b.o
        18          0          0          0          0         80   fputc.o
        30          0          0          0          0          0   handlers.o
        36          8          0          0          0         68   init.o
         0          0          0          0          0          0   iusefp.o
         0          0          0          0          0          0   iusesemip.o
        30          0          0          0          0         68   llshl.o
        36          0          0          0          0         68   llsshr.o
        32          0          0          0          0         68   llushr.o
        36          0          0          0          0         68   memcpya.o
      2226         90          0          0          0        444   printfa.o
         0          0          0          0          0          0   semi.o
         0          0          0          4          0          0   stdout.o
        44          0          0          0          0         80   uidiv.o
        98          0          0          0          0         92   uldiv.o
        48          0          0          0          0         68   cdrcmple.o
        56          0          0          0          0         88   d2f.o
       334          0          0          0          0        148   dadd.o
       222          0          0          0          0        100   ddiv.o
       186          0          0          0          0        176   depilogue.o
        48          0          0          0          0         68   dfixul.o
       228          0          0          0          0         96   dmul.o
        38          0          0          0          0         68   f2d.o
       110          0          0          0          0        168   fepilogue.o

    ----------------------------------------------------------------------
     11876        888        160         44        104      98404   Library Totals
        30          0          0          3          4          0   (incl. Padding)

    ----------------------------------------------------------------------

      Code (inc. data)   RO Data    RW Data    ZI Data      Debug   Library Name

      6260        608          0         37        100      95072   RTX_CM4.lib
      1632        178        160          0          0       1316   m_wm.l
      2684        102          0          4          0       1036   mc_w.l
      1270          0          0          0          0        980   mf_w.l

    ----------------------------------------------------------------------
     11876        888        160         44        104      98404   Library Totals

    ----------------------------------------------------------------------

==============================================================================


      Code (inc. data)   RO Data    RW Data    ZI Data      Debug   

     48368       2492        784        316      13060     648933   Grand Totals
     48368       2492        784         96      13060     648933   ELF Image Totals (compressed)
     48368       2492        784         96          0          0   ROM Totals

==============================================================================

    Total RO  Size (Code + RO Data)                49152 (  48.00kB)
    Total RW  Size (RW Data + ZI Data)             13376 (  13.06kB)
    Total ROM Size (Code + RO Data + RW Data)      49248 (  48.09kB)

==============================================================================

